2025-09-05T19:00:17.8787990Z Current runner version: '2.328.0'
2025-09-05T19:00:17.8804580Z ##[group]Runner Image Provisioner
2025-09-05T19:00:17.8805100Z Hosted Compute Agent
2025-09-05T19:00:17.8805440Z Version: 20250829.383
2025-09-05T19:00:17.8805840Z Commit: 27cb235aab5b0e52e153a26cd86b4742e89dac5d
2025-09-05T19:00:17.8806280Z Build Date: 2025-08-29T13:48:48Z
2025-09-05T19:00:17.8806660Z ##[endgroup]
2025-09-05T19:00:17.8807000Z ##[group]Operating System
2025-09-05T19:00:17.8807350Z macOS
2025-09-05T19:00:17.8807650Z 15.5
2025-09-05T19:00:17.8807940Z 24F74
2025-09-05T19:00:17.8808230Z ##[endgroup]
2025-09-05T19:00:17.8808530Z ##[group]Runner Image
2025-09-05T19:00:17.8808860Z Image: macos-15-arm64
2025-09-05T19:00:17.8809180Z Version: 20250830.2281
2025-09-05T19:00:17.8809870Z Included Software: https://github.com/actions/runner-images/blob/macos-15-arm64/20250830.2281/images/macos/macos-15-arm64-Readme.md
2025-09-05T19:00:17.8810960Z Image Release: https://github.com/actions/runner-images/releases/tag/macos-15-arm64%2F20250830.2281
2025-09-05T19:00:17.8811580Z ##[endgroup]
2025-09-05T19:00:17.8812310Z ##[group]GITHUB_TOKEN Permissions
2025-09-05T19:00:17.8813560Z Contents: read
2025-09-05T19:00:17.8813910Z Metadata: read
2025-09-05T19:00:17.8814220Z Packages: read
2025-09-05T19:00:17.8814540Z ##[endgroup]
2025-09-05T19:00:17.8816040Z Secret source: Actions
2025-09-05T19:00:17.8816480Z Prepare workflow directory
2025-09-05T19:00:17.9150140Z Prepare all required actions
2025-09-05T19:00:17.9221280Z Getting action download info
2025-09-05T19:00:18.2677350Z Download action repository 'actions/checkout@v4' (SHA:08eba0b27e820071cde6df949e0beb9ba4906955)
2025-09-05T19:00:18.6866830Z Download action repository 'subosito/flutter-action@v2' (SHA:fd55f4c5af5b953cc57a2be44cb082c8f6635e8e)
2025-09-05T19:00:19.5964870Z Download action repository 'actions/upload-artifact@v4' (SHA:ea165f8d65b6e75b540449e92b4886f43607fa02)
2025-09-05T19:00:19.8077830Z Getting action download info
2025-09-05T19:00:19.9304810Z Download action repository 'actions/cache@v4' (SHA:0400d5f644dc74513175e3cd8d07132dd4860809)
2025-09-05T19:00:20.0985010Z Complete job name: build
2025-09-05T19:00:20.1518980Z ##[group]Run actions/checkout@v4
2025-09-05T19:00:20.1519830Z with:
2025-09-05T19:00:20.1535930Z   repository: danilmashina/taste_smoke_ios
2025-09-05T19:00:20.1537050Z   token: ***
2025-09-05T19:00:20.1537570Z   ssh-strict: true
2025-09-05T19:00:20.1538110Z   ssh-user: git
2025-09-05T19:00:20.1538670Z   persist-credentials: true
2025-09-05T19:00:20.1539280Z   clean: true
2025-09-05T19:00:20.1539830Z   sparse-checkout-cone-mode: true
2025-09-05T19:00:20.1540510Z   fetch-depth: 1
2025-09-05T19:00:20.1541040Z   fetch-tags: false
2025-09-05T19:00:20.1541570Z   show-progress: true
2025-09-05T19:00:20.1542140Z   lfs: false
2025-09-05T19:00:20.1542630Z   submodules: false
2025-09-05T19:00:20.1543180Z   set-safe-directory: true
2025-09-05T19:00:20.1544490Z ##[endgroup]
2025-09-05T19:00:20.5229040Z Syncing repository: danilmashina/taste_smoke_ios
2025-09-05T19:00:20.5231080Z ##[group]Getting Git version info
2025-09-05T19:00:20.5232210Z Working directory is '/Users/runner/work/taste_smoke_ios/taste_smoke_ios'
2025-09-05T19:00:20.5233540Z [command]/opt/homebrew/bin/git version
2025-09-05T19:00:20.5957920Z git version 2.51.0
2025-09-05T19:00:20.6000390Z ##[endgroup]
2025-09-05T19:00:20.6009350Z Copying '/Users/runner/.gitconfig' to '/Users/runner/work/_temp/30bdc91c-fb43-499f-8a52-6b88049eea25/.gitconfig'
2025-09-05T19:00:20.6023440Z Temporarily overriding HOME='/Users/runner/work/_temp/30bdc91c-fb43-499f-8a52-6b88049eea25' before making global git config changes
2025-09-05T19:00:20.6025520Z Adding repository directory to the temporary git global config as a safe directory
2025-09-05T19:00:20.6032220Z [command]/opt/homebrew/bin/git config --global --add safe.directory /Users/runner/work/taste_smoke_ios/taste_smoke_ios
2025-09-05T19:00:20.6395220Z Deleting the contents of '/Users/runner/work/taste_smoke_ios/taste_smoke_ios'
2025-09-05T19:00:20.6399770Z ##[group]Initializing the repository
2025-09-05T19:00:20.6404030Z [command]/opt/homebrew/bin/git init /Users/runner/work/taste_smoke_ios/taste_smoke_ios
2025-09-05T19:00:20.7653060Z hint: Using 'master' as the name for the initial branch. This default branch name
2025-09-05T19:00:20.7657900Z hint: is subject to change. To configure the initial branch name to use in all
2025-09-05T19:00:20.7661790Z hint: of your new repositories, which will suppress this warning, call:
2025-09-05T19:00:20.7664180Z hint:
2025-09-05T19:00:20.7666070Z hint: 	git config --global init.defaultBranch <name>
2025-09-05T19:00:20.7668450Z hint:
2025-09-05T19:00:20.7669490Z hint: Names commonly chosen instead of 'master' are 'main', 'trunk' and
2025-09-05T19:00:20.7673540Z hint: 'development'. The just-created branch can be renamed via this command:
2025-09-05T19:00:20.7675860Z hint:
2025-09-05T19:00:20.7677140Z hint: 	git branch -m <name>
2025-09-05T19:00:20.7678000Z hint:
2025-09-05T19:00:20.7725710Z hint: Disable this message with "git config set advice.defaultBranchName false"
2025-09-05T19:00:20.7729880Z Initialized empty Git repository in /Users/runner/work/taste_smoke_ios/taste_smoke_ios/.git/
2025-09-05T19:00:20.7737590Z [command]/opt/homebrew/bin/git remote add origin https://github.com/danilmashina/taste_smoke_ios
2025-09-05T19:00:20.7844340Z ##[endgroup]
2025-09-05T19:00:20.7869940Z ##[group]Disabling automatic garbage collection
2025-09-05T19:00:20.7871300Z [command]/opt/homebrew/bin/git config --local gc.auto 0
2025-09-05T19:00:20.8077100Z ##[endgroup]
2025-09-05T19:00:20.8110660Z ##[group]Setting up auth
2025-09-05T19:00:20.8126610Z [command]/opt/homebrew/bin/git config --local --name-only --get-regexp core\.sshCommand
2025-09-05T19:00:20.8130440Z [command]/opt/homebrew/bin/git submodule foreach --recursive sh -c "git config --local --name-only --get-regexp 'core\.sshCommand' && git config --local --unset-all 'core.sshCommand' || :"
2025-09-05T19:00:20.9764620Z [command]/opt/homebrew/bin/git config --local --name-only --get-regexp http\.https\:\/\/github\.com\/\.extraheader
2025-09-05T19:00:20.9790620Z [command]/opt/homebrew/bin/git submodule foreach --recursive sh -c "git config --local --name-only --get-regexp 'http\.https\:\/\/github\.com\/\.extraheader' && git config --local --unset-all 'http.https://github.com/.extraheader' || :"
2025-09-05T19:00:21.0778310Z [command]/opt/homebrew/bin/git config --local http.https://github.com/.extraheader AUTHORIZATION: basic ***
2025-09-05T19:00:21.0893160Z ##[endgroup]
2025-09-05T19:00:21.0894310Z ##[group]Fetching the repository
2025-09-05T19:00:21.0915660Z [command]/opt/homebrew/bin/git -c protocol.version=2 fetch --no-tags --prune --no-recurse-submodules --depth=1 origin +653000b02df14bfd6d67468737974b91764a7ee3:refs/remotes/origin/main
2025-09-05T19:00:22.0699190Z From https://github.com/danilmashina/taste_smoke_ios
2025-09-05T19:00:22.0701060Z  * [new ref]         653000b02df14bfd6d67468737974b91764a7ee3 -> origin/main
2025-09-05T19:00:22.0813530Z ##[endgroup]
2025-09-05T19:00:22.0814490Z ##[group]Determining the checkout info
2025-09-05T19:00:22.0815720Z ##[endgroup]
2025-09-05T19:00:22.0816790Z [command]/opt/homebrew/bin/git sparse-checkout disable
2025-09-05T19:00:22.0937320Z [command]/opt/homebrew/bin/git config --local --unset-all extensions.worktreeConfig
2025-09-05T19:00:22.1006850Z ##[group]Checking out the ref
2025-09-05T19:00:22.1008110Z [command]/opt/homebrew/bin/git checkout --progress --force -B main refs/remotes/origin/main
2025-09-05T19:00:22.1544150Z Switched to a new branch 'main'
2025-09-05T19:00:22.1559210Z branch 'main' set up to track 'origin/main'.
2025-09-05T19:00:22.1566640Z ##[endgroup]
2025-09-05T19:00:22.1668600Z [command]/opt/homebrew/bin/git log -1 --format=%H
2025-09-05T19:00:22.1746460Z 653000b02df14bfd6d67468737974b91764a7ee3
2025-09-05T19:00:22.1970390Z ##[group]Run subosito/flutter-action@v2
2025-09-05T19:00:22.1970660Z with:
2025-09-05T19:00:22.1971030Z   channel: stable
2025-09-05T19:00:22.1987970Z   flutter-version: 3.35.2
2025-09-05T19:00:22.1988210Z   architecture: ARM64
2025-09-05T19:00:22.1988920Z   cache: false
2025-09-05T19:00:22.1989120Z   pub-cache-path: default
2025-09-05T19:00:22.1989340Z   dry-run: false
2025-09-05T19:00:22.1989580Z   git-source: https://github.com/flutter/flutter.git
2025-09-05T19:00:22.1989900Z ##[endgroup]
2025-09-05T19:00:22.2075670Z ##[group]Run chmod +x "$GITHUB_ACTION_PATH/setup.sh"
2025-09-05T19:00:22.2076060Z [36;1mchmod +x "$GITHUB_ACTION_PATH/setup.sh"[0m
2025-09-05T19:00:22.2114650Z shell: /bin/bash --noprofile --norc -e -o pipefail {0}
2025-09-05T19:00:22.2114980Z ##[endgroup]
2025-09-05T19:00:22.2695790Z ##[group]Run $GITHUB_ACTION_PATH/setup.sh -p \
2025-09-05T19:00:22.2696270Z [36;1m$GITHUB_ACTION_PATH/setup.sh -p \[0m
2025-09-05T19:00:22.2696540Z [36;1m  -n '3.35.2' \[0m
2025-09-05T19:00:22.2696820Z [36;1m  -f '' \[0m
2025-09-05T19:00:22.2697030Z [36;1m  -a 'ARM64' \[0m
2025-09-05T19:00:22.2697450Z [36;1m  -k '' \[0m
2025-09-05T19:00:22.2697650Z [36;1m  -c '' \[0m
2025-09-05T19:00:22.2697870Z [36;1m  -l '' \[0m
2025-09-05T19:00:22.2698100Z [36;1m  -d 'default' \[0m
2025-09-05T19:00:22.2698420Z [36;1m  -g 'https://github.com/flutter/flutter.git' \[0m
2025-09-05T19:00:22.2698730Z [36;1m  stable[0m
2025-09-05T19:00:22.2740500Z shell: /bin/bash --noprofile --norc -e -o pipefail {0}
2025-09-05T19:00:22.2741350Z ##[endgroup]
2025-09-05T19:00:23.2474820Z ##[group]Run $GITHUB_ACTION_PATH/setup.sh \
2025-09-05T19:00:23.2475280Z [36;1m$GITHUB_ACTION_PATH/setup.sh \[0m
2025-09-05T19:00:23.2475590Z [36;1m  -n '3.35.2' \[0m
2025-09-05T19:00:23.2475900Z [36;1m  -a 'arm64' \[0m
2025-09-05T19:00:23.2476250Z [36;1m  -c '/Users/runner/hostedtoolcache/flutter/stable-3.35.2-arm64' \[0m
2025-09-05T19:00:23.2476620Z [36;1m  -d '/Users/runner/.pub-cache' \[0m
2025-09-05T19:00:23.2476990Z [36;1m  stable[0m
2025-09-05T19:00:23.2509840Z shell: /bin/bash --noprofile --norc -e -o pipefail {0}
2025-09-05T19:00:23.2510190Z ##[endgroup]
2025-09-05T19:00:23.9463900Z   % Total    % Received % Xferd  Average Speed   Time    Time     Time  Current
2025-09-05T19:00:23.9565990Z                                  Dload  Upload   Total   Spent    Left  Speed
2025-09-05T19:00:23.9666110Z 
2025-09-05T19:00:24.5153990Z   0     0    0     0    0     0      0      0 --:--:-- --:--:-- --:--:--     0
2025-09-05T19:00:25.5098250Z   0 1989M    0 4441k    0     0  7805k      0  0:04:20 --:--:--  0:04:20 7805k
2025-09-05T19:00:26.5107700Z   1 1989M    1 31.2M    0     0  19.9M      0  0:01:39  0:00:01  0:01:38 19.9M
2025-09-05T19:00:27.5130120Z   2 1989M    2 56.9M    0     0  22.1M      0  0:01:29  0:00:02  0:01:27 22.1M
2025-09-05T19:00:28.5074720Z   4 1989M    4 81.8M    0     0  22.9M      0  0:01:26  0:00:03  0:01:23 22.9M
2025-09-05T19:00:29.5082160Z   5 1989M    5  111M    0     0  24.4M      0  0:01:21  0:00:04  0:01:17 24.4M
2025-09-05T19:00:30.5078900Z   7 1989M    7  143M    0     0  25.8M      0  0:01:17  0:00:05  0:01:12 27.8M
2025-09-05T19:00:31.5113410Z   8 1989M    8  172M    0     0  26.3M      0  0:01:15  0:00:06  0:01:09 28.3M
2025-09-05T19:00:32.5091590Z  10 1989M   10  206M    0     0  27.2M      0  0:01:12  0:00:07  0:01:05 29.8M
2025-09-05T19:00:33.5119940Z  12 1989M   12  242M    0     0  28.3M      0  0:01:10  0:00:08  0:01:02 32.1M
2025-09-05T19:00:34.5112190Z  13 1989M   13  275M    0     0  28.7M      0  0:01:09  0:00:09  0:01:00 32.6M
2025-09-05T19:00:35.5259390Z  15 1989M   15  312M    0     0  29.5M      0  0:01:07  0:00:10  0:00:57 33.8M
2025-09-05T19:00:36.5113900Z  17 1989M   17  348M    0     0  30.1M      0  0:01:05  0:00:11  0:00:54 35.1M
2025-09-05T19:00:37.5080040Z  19 1989M   19  388M    0     0  30.9M      0  0:01:04  0:00:12  0:00:52 36.4M
2025-09-05T19:00:38.5164080Z  21 1989M   21  424M    0     0  31.2M      0  0:01:03  0:00:13  0:00:50 36.4M
2025-09-05T19:00:39.5081110Z  23 1989M   23  461M    0     0  31.7M      0  0:01:02  0:00:14  0:00:48 37.3M
2025-09-05T19:00:40.5086580Z  25 1989M   25  500M    0     0  32.1M      0  0:01:01  0:00:15  0:00:46 37.6M
2025-09-05T19:00:41.5114460Z  27 1989M   27  542M    0     0  32.7M      0  0:01:00  0:00:16  0:00:44 38.6M
2025-09-05T19:00:42.5068060Z  28 1989M   28  575M    0     0  32.7M      0  0:01:00  0:00:17  0:00:43 37.4M
2025-09-05T19:00:43.5418140Z  30 1989M   30  607M    0     0  32.6M      0  0:01:00  0:00:18  0:00:42 36.5M
2025-09-05T19:00:44.5160530Z  32 1989M   32  637M    0     0  32.5M      0  0:01:01  0:00:19  0:00:42 34.8M
2025-09-05T19:00:45.5074840Z  33 1989M   33  674M    0     0  32.7M      0  0:01:00  0:00:20  0:00:40 34.7M
2025-09-05T19:00:46.5107450Z  35 1989M   35  710M    0     0  32.9M      0  0:01:00  0:00:21  0:00:39 33.6M
2025-09-05T19:00:47.5088760Z  37 1989M   37  743M    0     0  32.9M      0  0:01:00  0:00:22  0:00:38 33.5M
2025-09-05T19:00:48.5105780Z  39 1989M   39  785M    0     0  33.3M      0  0:00:59  0:00:23  0:00:36 35.7M
2025-09-05T19:00:49.5092870Z  41 1989M   41  828M    0     0  33.7M      0  0:00:59  0:00:24  0:00:35 38.3M
2025-09-05T19:00:50.5112580Z  43 1989M   43  873M    0     0  34.1M      0  0:00:58  0:00:25  0:00:33 39.7M
2025-09-05T19:00:51.5104120Z  45 1989M   45  913M    0     0  34.3M      0  0:00:57  0:00:26  0:00:31 40.6M
2025-09-05T19:00:52.5078240Z  47 1989M   47  945M    0     0  34.3M      0  0:00:57  0:00:27  0:00:30 40.4M
2025-09-05T19:00:53.5131860Z  49 1989M   49  974M    0     0  34.1M      0  0:00:58  0:00:28  0:00:30 37.8M
2025-09-05T19:00:54.5131810Z  51 1989M   51 1019M    0     0  34.4M      0  0:00:57  0:00:29  0:00:28 38.3M
2025-09-05T19:00:55.5079690Z  53 1989M   53 1055M    0     0  34.5M      0  0:00:57  0:00:30  0:00:27 36.5M
2025-09-05T19:00:56.5084320Z  55 1989M   55 1098M    0     0  34.8M      0  0:00:57  0:00:31  0:00:26 37.0M
2025-09-05T19:00:57.5081940Z  57 1989M   57 1147M    0     0  35.2M      0  0:00:56  0:00:32  0:00:24 40.4M
2025-09-05T19:00:58.5067680Z  59 1989M   59 1186M    0     0  35.3M      0  0:00:56  0:00:33  0:00:23 42.4M
2025-09-05T19:00:59.5076640Z  60 1989M   60 1212M    0     0  35.0M      0  0:00:56  0:00:34  0:00:22 38.6M
2025-09-05T19:01:00.5225230Z  62 1989M   62 1251M    0     0  35.1M      0  0:00:56  0:00:35  0:00:21 39.1M
2025-09-05T19:01:01.5070390Z  64 1989M   64 1278M    0     0  34.9M      0  0:00:56  0:00:36  0:00:20 35.9M
2025-09-05T19:01:02.5076890Z  66 1989M   66 1317M    0     0  35.0M      0  0:00:56  0:00:37  0:00:19 33.9M
2025-09-05T19:01:03.5073690Z  68 1989M   68 1358M    0     0  35.2M      0  0:00:56  0:00:38  0:00:18 34.2M
2025-09-05T19:01:04.5071330Z  70 1989M   70 1402M    0     0  35.4M      0  0:00:56  0:00:39  0:00:17 37.8M
2025-09-05T19:01:05.5079050Z  72 1989M   72 1446M    0     0  35.6M      0  0:00:55  0:00:40  0:00:15 38.9M
2025-09-05T19:01:06.5076320Z  75 1989M   75 1494M    0     0  35.9M      0  0:00:55  0:00:41  0:00:14 43.2M
2025-09-05T19:01:07.5070940Z  77 1989M   77 1542M    0     0  36.2M      0  0:00:54  0:00:42  0:00:12 44.9M
2025-09-05T19:01:08.5095380Z  79 1989M   79 1586M    0     0  36.4M      0  0:00:54  0:00:43  0:00:11 45.6M
2025-09-05T19:01:09.5105150Z  81 1989M   81 1617M    0     0  36.2M      0  0:00:54  0:00:44  0:00:10 42.9M
2025-09-05T19:01:10.5075080Z  83 1989M   83 1660M    0     0  36.4M      0  0:00:54  0:00:45  0:00:09 42.8M
2025-09-05T19:01:11.5067420Z  85 1989M   85 1702M    0     0  36.5M      0  0:00:54  0:00:46  0:00:08 41.6M
2025-09-05T19:01:12.5065770Z  87 1989M   87 1747M    0     0  36.7M      0  0:00:54  0:00:47  0:00:07 40.9M
2025-09-05T19:01:13.5084230Z  90 1989M   90 1794M    0     0  36.9M      0  0:00:53  0:00:48  0:00:05 41.5M
2025-09-05T19:01:14.5091540Z  92 1989M   92 1841M    0     0  37.1M      0  0:00:53  0:00:49  0:00:04 44.8M
2025-09-05T19:01:15.5074920Z  94 1989M   94 1888M    0     0  37.3M      0  0:00:53  0:00:50  0:00:03 45.5M
2025-09-05T19:01:16.5066010Z  97 1989M   97 1933M    0     0  37.5M      0  0:00:53  0:00:51  0:00:02 46.2M
2025-09-05T19:01:16.6592510Z  99 1989M   99 1980M    0     0  37.6M      0  0:00:52  0:00:52 --:--:-- 46.7M
2025-09-05T19:01:16.6601150Z 100 1989M  100 1989M    0     0  37.7M      0  0:00:52  0:00:52 --:--:-- 46.9M
2025-09-05T19:02:08.4810330Z ##[group]Run flutter doctor -v
2025-09-05T19:02:08.4819640Z [36;1mflutter doctor -v[0m
2025-09-05T19:02:08.5217010Z shell: /bin/bash -e {0}
2025-09-05T19:02:08.5217290Z env:
2025-09-05T19:02:08.5217610Z   FLUTTER_ROOT: /Users/runner/hostedtoolcache/flutter/stable-3.35.2-arm64
2025-09-05T19:02:08.5217950Z   PUB_CACHE: /Users/runner/.pub-cache
2025-09-05T19:02:08.5218340Z ##[endgroup]
2025-09-05T19:02:28.9301890Z [âœ“] Flutter (Channel stable, 3.35.2, on macOS 15.5 24F74 darwin-arm64, locale en-US) [11.0s]
2025-09-05T19:02:28.9434350Z     â€¢ Flutter version 3.35.2 on channel stable at /Users/runner/hostedtoolcache/flutter/stable-3.35.2-arm64
2025-09-05T19:02:28.9435390Z     â€¢ Upstream repository https://github.com/flutter/flutter.git
2025-09-05T19:02:28.9549110Z     â€¢ Framework revision 05db968908 (11 days ago), 2025-08-25 10:21:35 -0700
2025-09-05T19:02:28.9650900Z     â€¢ Engine revision a8bfdfc394
2025-09-05T19:02:28.9792990Z     â€¢ Dart version 3.9.0
2025-09-05T19:02:28.9901300Z     â€¢ DevTools version 2.48.0
2025-09-05T19:02:29.0022510Z     â€¢ Feature flags: enable-web, enable-linux-desktop, enable-macos-desktop, enable-windows-desktop, enable-android, enable-ios, cli-animations, enable-lldb-debugging
2025-09-05T19:02:29.0123970Z 
2025-09-05T19:02:36.1158660Z [!] Android toolchain - develop for Android devices (Android SDK version 36.0.0) [18.0s]
2025-09-05T19:02:36.1263350Z     â€¢ Android SDK at /Users/runner/Library/Android/sdk
2025-09-05T19:02:36.1372890Z     â€¢ Emulator version 36.1.9.0 (build_id 13823996) (CL:N/A)
2025-09-05T19:02:36.1464250Z     â€¢ Platform android-36-ext19, build-tools 36.0.0
2025-09-05T19:02:36.1575510Z     â€¢ ANDROID_HOME = /Users/runner/Library/Android/sdk
2025-09-05T19:02:36.1677980Z     â€¢ ANDROID_SDK_ROOT = /Users/runner/Library/Android/sdk
2025-09-05T19:02:36.1783050Z     â€¢ Java binary at: /Users/runner/hostedtoolcache/Java_Temurin-Hotspot_jdk/21.0.8-9.0/arm64/Contents/Home/bin/java
2025-09-05T19:02:36.1882640Z       This JDK is specified by the JAVA_HOME environment variable.
2025-09-05T19:02:36.1984790Z       To manually set the JDK path, use: `flutter config --jdk-dir="path/to/jdk"`.
2025-09-05T19:02:36.2087460Z     â€¢ Java version OpenJDK Runtime Environment Temurin-21.0.8+9 (build 21.0.8+9-LTS)
2025-09-05T19:02:36.2192160Z     ! Some Android licenses not accepted. To resolve this, run: flutter doctor --android-licenses
2025-09-05T19:02:36.2294590Z 
2025-09-05T19:02:36.5301590Z [âœ“] Xcode - develop for iOS and macOS (Xcode 16.4) [18.4s]
2025-09-05T19:02:36.5404740Z     â€¢ Xcode at /Applications/Xcode_16.4.app/Contents/Developer
2025-09-05T19:02:36.5509450Z     â€¢ Build 16F6
2025-09-05T19:02:36.5611700Z     â€¢ CocoaPods version 1.16.2
2025-09-05T19:02:36.5713240Z 
2025-09-05T19:02:36.5814410Z [âœ“] Chrome - develop for the web [19ms]
2025-09-05T19:02:36.5917290Z     â€¢ Chrome at /Applications/Google Chrome.app/Contents/MacOS/Google Chrome
2025-09-05T19:02:36.6022470Z 
2025-09-05T19:02:36.6123520Z [!] Android Studio (not installed) [15ms]
2025-09-05T19:02:36.6225560Z     â€¢ Android Studio not found; download from https://developer.android.com/studio/index.html
2025-09-05T19:02:36.6326940Z       (or visit https://flutter.dev/to/macos-android-setup for detailed instructions).
2025-09-05T19:02:36.6429770Z 
2025-09-05T19:02:41.5078660Z [âœ“] Connected device (2 available) [12.6s]
2025-09-05T19:02:41.5170900Z     â€¢ macOS (desktop) â€¢ macos  â€¢ darwin-arm64   â€¢ macOS 15.5 24F74 darwin-arm64
2025-09-05T19:02:41.5274070Z     â€¢ Chrome (web)    â€¢ chrome â€¢ web-javascript â€¢ Google Chrome 139.0.7258.155
2025-09-05T19:02:41.5375440Z 
2025-09-05T19:02:41.5490020Z [âœ“] Network resources [509ms]
2025-09-05T19:02:41.5590770Z     â€¢ All expected network resources are available.
2025-09-05T19:02:41.5690270Z 
2025-09-05T19:02:41.5791640Z ! Doctor found issues in 2 categories.
2025-09-05T19:02:41.5871410Z ##[group]Run echo "ðŸ§¹ Cleaning..."
2025-09-05T19:02:41.5873600Z [36;1mecho "ðŸ§¹ Cleaning..."[0m
2025-09-05T19:02:41.5874230Z [36;1mflutter clean[0m
2025-09-05T19:02:41.5875070Z [36;1mrm -rf build[0m
2025-09-05T19:02:41.5875960Z [36;1mrm -rf ios/Pods ios/Podfile.lock ios/.symlinks ios/Flutter/Flutter.framework[0m
2025-09-05T19:02:41.6310640Z shell: /bin/bash -e {0}
2025-09-05T19:02:41.6311500Z env:
2025-09-05T19:02:41.6312220Z   FLUTTER_ROOT: /Users/runner/hostedtoolcache/flutter/stable-3.35.2-arm64
2025-09-05T19:02:41.6313230Z   PUB_CACHE: /Users/runner/.pub-cache
2025-09-05T19:02:41.6313850Z ##[endgroup]
2025-09-05T19:02:41.7346520Z ðŸ§¹ Cleaning...
2025-09-05T19:02:45.7747610Z Cleaning Xcode workspace...                                         3.5s
2025-09-05T19:02:50.0711190Z Cleaning Xcode workspace...                                         4.3s
2025-09-05T19:02:50.1150360Z ##[group]Run flutter pub get
2025-09-05T19:02:50.1150690Z [36;1mflutter pub get[0m
2025-09-05T19:02:50.1197650Z shell: /bin/bash -e {0}
2025-09-05T19:02:50.1198350Z env:
2025-09-05T19:02:50.1199070Z   FLUTTER_ROOT: /Users/runner/hostedtoolcache/flutter/stable-3.35.2-arm64
2025-09-05T19:02:50.1199940Z   PUB_CACHE: /Users/runner/.pub-cache
2025-09-05T19:02:50.1200550Z ##[endgroup]
2025-09-05T19:02:50.7018370Z Resolving dependencies...
2025-09-05T19:02:52.1109150Z Downloading packages...
2025-09-05T19:02:58.4504730Z   characters 1.4.0 (1.4.1 available)
2025-09-05T19:02:58.4505180Z   material_color_utilities 0.11.1 (0.13.0 available)
2025-09-05T19:02:58.4505570Z   meta 1.16.0 (1.17.0 available)
2025-09-05T19:02:58.4505810Z   test_api 0.7.6 (0.7.7 available)
2025-09-05T19:02:58.4511740Z Got dependencies!
2025-09-05T19:02:58.4522050Z 4 packages have newer versions incompatible with dependency constraints.
2025-09-05T19:02:58.4522520Z Try `flutter pub outdated` for more information.
2025-09-05T19:02:59.4299990Z ##[group]Run cd ios
2025-09-05T19:02:59.4300480Z [36;1mcd ios[0m
2025-09-05T19:02:59.4300690Z [36;1mpod repo update --silent[0m
2025-09-05T19:02:59.4301010Z [36;1mpod install --verbose[0m
2025-09-05T19:02:59.4346440Z shell: /bin/bash -e {0}
2025-09-05T19:02:59.4346680Z env:
2025-09-05T19:02:59.4347070Z   FLUTTER_ROOT: /Users/runner/hostedtoolcache/flutter/stable-3.35.2-arm64
2025-09-05T19:02:59.4347680Z   PUB_CACHE: /Users/runner/.pub-cache
2025-09-05T19:02:59.4347930Z ##[endgroup]
2025-09-05T19:03:03.0451010Z   Preparing
2025-09-05T19:03:03.0452600Z 
2025-09-05T19:03:03.0453310Z Analyzing dependencies
2025-09-05T19:03:03.0454000Z 
2025-09-05T19:03:03.0454380Z Inspecting targets to integrate
2025-09-05T19:03:03.0455620Z   Using `ARCHS` setting to build architectures of target `Pods-Runner`: (``)
2025-09-05T19:03:03.0456490Z 
2025-09-05T19:03:03.0456800Z Fetching external sources
2025-09-05T19:03:03.0457440Z -> Fetching podspec for `Flutter` from `Flutter`
2025-09-05T19:03:03.0545870Z -> Fetching podspec for `cloud_firestore` from `.symlinks/plugins/cloud_firestore/ios`
2025-09-05T19:03:03.0546520Z cloud_firestore: Using Firebase SDK version '12.2.0' defined in 'firebase_core'
2025-09-05T19:03:03.0555540Z -> Fetching podspec for `firebase_auth` from `.symlinks/plugins/firebase_auth/ios`
2025-09-05T19:03:03.0556160Z firebase_auth: Using Firebase SDK version '12.2.0' defined in 'firebase_core'
2025-09-05T19:03:03.0568840Z -> Fetching podspec for `firebase_core` from `.symlinks/plugins/firebase_core/ios`
2025-09-05T19:03:03.0571580Z firebase_core: Using Firebase SDK version '12.2.0' defined in 'firebase_core'
2025-09-05T19:03:03.0579160Z -> Fetching podspec for `firebase_remote_config` from `.symlinks/plugins/firebase_remote_config/ios`
2025-09-05T19:03:03.0579860Z firebase_remote_config: Using Firebase SDK version '12.2.0' defined in 'firebase_core'
2025-09-05T19:03:03.0588510Z -> Fetching podspec for `firebase_storage` from `.symlinks/plugins/firebase_storage/ios`
2025-09-05T19:03:03.0589240Z firebase_storage: Using Firebase SDK version '12.2.0' defined in 'firebase_core'
2025-09-05T19:03:03.0595090Z -> Fetching podspec for `path_provider_foundation` from `.symlinks/plugins/path_provider_foundation/darwin`
2025-09-05T19:03:03.0605090Z -> Fetching podspec for `shared_preferences_foundation` from `.symlinks/plugins/shared_preferences_foundation/darwin`
2025-09-05T19:03:03.0648480Z -> Fetching podspec for `sqflite_darwin` from `.symlinks/plugins/sqflite_darwin/darwin`
2025-09-05T19:03:03.0685230Z -> Fetching podspec for `url_launcher_ios` from `.symlinks/plugins/url_launcher_ios/ios`
2025-09-05T19:03:14.5561200Z 
2025-09-05T19:03:14.5631280Z Resolving dependencies of `Podfile`
2025-09-05T19:03:14.5660410Z 
2025-09-05T19:03:14.5667180Z Adding spec repo `trunk` with CDN `https://cdn.cocoapods.org/`
2025-09-05T19:03:14.5670990Z   CDN: trunk Relative path downloaded: CocoaPods-version.yml, save ETag: "68bb3131-38"
2025-09-05T19:03:14.5675900Z   CDN: trunk Relative path: CocoaPods-version.yml exists! Returning local because checking is only performed in repo update
2025-09-05T19:03:14.5680710Z   CDN: trunk Relative path downloaded: all_pods_versions_0_3_5.txt, save ETag: W/"68bb3131-d6f"
2025-09-05T19:03:14.5685240Z   CDN: trunk Redirecting from https://cdn.cocoapods.org/Specs/0/3/5/Firebase/1.0.0/Firebase.podspec.json to https://cdn.jsdelivr.net/cocoa/Specs/0/3/5/Firebase/1.0.0/Firebase.podspec.json
2025-09-05T19:03:14.5688420Z   CDN: trunk Redirecting from https://cdn.cocoapods.org/Specs/0/3/5/Firebase/3.6.0/Firebase.podspec.json to https://cdn.jsdelivr.net/cocoa/Specs/0/3/5/Firebase/3.6.0/Firebase.podspec.json
2025-09-05T19:03:14.5704510Z   CDN: trunk Redirecting from https://cdn.cocoapods.org/Specs/0/3/5/Firebase/3.7.1/Firebase.podspec.json to https://cdn.jsdelivr.net/cocoa/Specs/0/3/5/Firebase/3.7.1/Firebase.podspec.json
2025-09-05T19:03:14.5709150Z   CDN: trunk Redirecting from https://cdn.cocoapods.org/Specs/0/3/5/Firebase/4.0.1/Firebase.podspec.json to https://cdn.jsdelivr.net/cocoa/Specs/0/3/5/Firebase/4.0.1/Firebase.podspec.json
2025-09-05T19:03:14.5713510Z   CDN: trunk Redirecting from https://cdn.cocoapods.org/Specs/0/3/5/Firebase/4.0.2/Firebase.podspec.json to https://cdn.jsdelivr.net/cocoa/Specs/0/3/5/Firebase/4.0.2/Firebase.podspec.json
2025-09-05T19:03:14.5717140Z   CDN: trunk Redirecting from https://cdn.cocoapods.org/Specs/0/3/5/Firebase/4.4.0/Firebase.podspec.json to https://cdn.jsdelivr.net/cocoa/Specs/0/3/5/Firebase/4.4.0/Firebase.podspec.json
2025-09-05T19:03:14.5720130Z   CDN: trunk Redirecting from https://cdn.cocoapods.org/Specs/0/3/5/Firebase/4.6.0/Firebase.podspec.json to https://cdn.jsdelivr.net/cocoa/Specs/0/3/5/Firebase/4.6.0/Firebase.podspec.json
2025-09-05T19:03:14.5724280Z   CDN: trunk Redirecting from https://cdn.cocoapods.org/Specs/0/3/5/Firebase/4.8.2/Firebase.podspec.json to https://cdn.jsdelivr.net/cocoa/Specs/0/3/5/Firebase/4.8.2/Firebase.podspec.json
2025-09-05T19:03:14.5751690Z   CDN: trunk Redirecting from https://cdn.cocoapods.org/Specs/0/3/5/Firebase/5.11.0/Firebase.podspec.json to https://cdn.jsdelivr.net/cocoa/Specs/0/3/5/Firebase/5.11.0/Firebase.podspec.json
2025-09-05T19:03:14.5790020Z   CDN: trunk Redirecting from https://cdn.cocoapods.org/Specs/0/3/5/Firebase/5.15.0/Firebase.podspec.json to https://cdn.jsdelivr.net/cocoa/Specs/0/3/5/Firebase/5.15.0/Firebase.podspec.json
2025-09-05T19:03:14.5822080Z   CDN: trunk Redirecting from https://cdn.cocoapods.org/Specs/0/3/5/Firebase/5.18.0/Firebase.podspec.json to https://cdn.jsdelivr.net/cocoa/Specs/0/3/5/Firebase/5.18.0/Firebase.podspec.json
2025-09-05T19:03:14.5825990Z   CDN: trunk Redirecting from https://cdn.cocoapods.org/Specs/0/3/5/Firebase/5.19.0/Firebase.podspec.json to https://cdn.jsdelivr.net/cocoa/Specs/0/3/5/Firebase/5.19.0/Firebase.podspec.json
2025-09-05T19:03:14.5828430Z   CDN: trunk Redirecting from https://cdn.cocoapods.org/Specs/0/3/5/Firebase/5.20.0/Firebase.podspec.json to https://cdn.jsdelivr.net/cocoa/Specs/0/3/5/Firebase/5.20.0/Firebase.podspec.json
2025-09-05T19:03:14.5829800Z   CDN: trunk Redirecting from https://cdn.cocoapods.org/Specs/0/3/5/Firebase/5.3.0/Firebase.podspec.json to https://cdn.jsdelivr.net/cocoa/Specs/0/3/5/Firebase/5.3.0/Firebase.podspec.json
2025-09-05T19:03:14.5831170Z   CDN: trunk Redirecting from https://cdn.cocoapods.org/Specs/0/3/5/Firebase/5.4.1/Firebase.podspec.json to https://cdn.jsdelivr.net/cocoa/Specs/0/3/5/Firebase/5.4.1/Firebase.podspec.json
2025-09-05T19:03:14.5832300Z   CDN: trunk Redirecting from https://cdn.cocoapods.org/Specs/0/3/5/Firebase/5.9.0/Firebase.podspec.json to https://cdn.jsdelivr.net/cocoa/Specs/0/3/5/Firebase/5.9.0/Firebase.podspec.json
2025-09-05T19:03:14.5842950Z   CDN: trunk Redirecting from https://cdn.cocoapods.org/Specs/0/3/5/Firebase/6.16.0/Firebase.podspec.json to https://cdn.jsdelivr.net/cocoa/Specs/0/3/5/Firebase/6.16.0/Firebase.podspec.json
2025-09-05T19:03:14.5844120Z   CDN: trunk Redirecting from https://cdn.cocoapods.org/Specs/0/3/5/Firebase/6.32.2/Firebase.podspec.json to https://cdn.jsdelivr.net/cocoa/Specs/0/3/5/Firebase/6.32.2/Firebase.podspec.json
2025-09-05T19:03:14.5845090Z   CDN: trunk Redirecting from https://cdn.cocoapods.org/Specs/0/3/5/Firebase/1.0.5/Firebase.podspec.json to https://cdn.jsdelivr.net/cocoa/Specs/0/3/5/Firebase/1.0.5/Firebase.podspec.json
2025-09-05T19:03:14.5846060Z   CDN: trunk Redirecting from https://cdn.cocoapods.org/Specs/0/3/5/Firebase/1.0.7/Firebase.podspec.json to https://cdn.jsdelivr.net/cocoa/Specs/0/3/5/Firebase/1.0.7/Firebase.podspec.json
2025-09-05T19:03:14.5847130Z   CDN: trunk Redirecting from https://cdn.cocoapods.org/Specs/0/3/5/Firebase/1.0.9/Firebase.podspec.json to https://cdn.jsdelivr.net/cocoa/Specs/0/3/5/Firebase/1.0.9/Firebase.podspec.json
2025-09-05T19:03:14.5848090Z   CDN: trunk Redirecting from https://cdn.cocoapods.org/Specs/0/3/5/Firebase/1.1.0/Firebase.podspec.json to https://cdn.jsdelivr.net/cocoa/Specs/0/3/5/Firebase/1.1.0/Firebase.podspec.json
2025-09-05T19:03:14.5849340Z   CDN: trunk Redirecting from https://cdn.cocoapods.org/Specs/0/3/5/Firebase/1.1.1/Firebase.podspec.json to https://cdn.jsdelivr.net/cocoa/Specs/0/3/5/Firebase/1.1.1/Firebase.podspec.json
2025-09-05T19:03:14.5850420Z   CDN: trunk Redirecting from https://cdn.cocoapods.org/Specs/0/3/5/Firebase/1.1.10/Firebase.podspec.json to https://cdn.jsdelivr.net/cocoa/Specs/0/3/5/Firebase/1.1.10/Firebase.podspec.json
2025-09-05T19:03:14.5851390Z   CDN: trunk Redirecting from https://cdn.cocoapods.org/Specs/0/3/5/Firebase/1.1.11/Firebase.podspec.json to https://cdn.jsdelivr.net/cocoa/Specs/0/3/5/Firebase/1.1.11/Firebase.podspec.json
2025-09-05T19:03:14.5852380Z   CDN: trunk Redirecting from https://cdn.cocoapods.org/Specs/0/3/5/Firebase/1.1.12/Firebase.podspec.json to https://cdn.jsdelivr.net/cocoa/Specs/0/3/5/Firebase/1.1.12/Firebase.podspec.json
2025-09-05T19:03:14.5853430Z   CDN: trunk Redirecting from https://cdn.cocoapods.org/Specs/0/3/5/Firebase/1.1.2/Firebase.podspec.json to https://cdn.jsdelivr.net/cocoa/Specs/0/3/5/Firebase/1.1.2/Firebase.podspec.json
2025-09-05T19:03:14.5854400Z   CDN: trunk Redirecting from https://cdn.cocoapods.org/Specs/0/3/5/Firebase/1.1.3/Firebase.podspec.json to https://cdn.jsdelivr.net/cocoa/Specs/0/3/5/Firebase/1.1.3/Firebase.podspec.json
2025-09-05T19:03:14.5855340Z   CDN: trunk Redirecting from https://cdn.cocoapods.org/Specs/0/3/5/Firebase/1.1.4/Firebase.podspec.json to https://cdn.jsdelivr.net/cocoa/Specs/0/3/5/Firebase/1.1.4/Firebase.podspec.json
2025-09-05T19:03:14.5856380Z   CDN: trunk Redirecting from https://cdn.cocoapods.org/Specs/0/3/5/Firebase/1.1.5/Firebase.podspec.json to https://cdn.jsdelivr.net/cocoa/Specs/0/3/5/Firebase/1.1.5/Firebase.podspec.json
2025-09-05T19:03:14.5857350Z   CDN: trunk Redirecting from https://cdn.cocoapods.org/Specs/0/3/5/Firebase/1.1.6/Firebase.podspec.json to https://cdn.jsdelivr.net/cocoa/Specs/0/3/5/Firebase/1.1.6/Firebase.podspec.json
2025-09-05T19:03:14.5858430Z   CDN: trunk Redirecting from https://cdn.cocoapods.org/Specs/0/3/5/Firebase/1.1.7/Firebase.podspec.json to https://cdn.jsdelivr.net/cocoa/Specs/0/3/5/Firebase/1.1.7/Firebase.podspec.json
2025-09-05T19:03:14.5859510Z   CDN: trunk Redirecting from https://cdn.cocoapods.org/Specs/0/3/5/Firebase/1.1.9/Firebase.podspec.json to https://cdn.jsdelivr.net/cocoa/Specs/0/3/5/Firebase/1.1.9/Firebase.podspec.json
2025-09-05T19:03:14.5860490Z   CDN: trunk Redirecting from https://cdn.cocoapods.org/Specs/0/3/5/Firebase/1.2.0/Firebase.podspec.json to https://cdn.jsdelivr.net/cocoa/Specs/0/3/5/Firebase/1.2.0/Firebase.podspec.json
2025-09-05T19:03:14.5862080Z   CDN: trunk Redirecting from https://cdn.cocoapods.org/Specs/0/3/5/Firebase/1.2.1/Firebase.podspec.json to https://cdn.jsdelivr.net/cocoa/Specs/0/3/5/Firebase/1.2.1/Firebase.podspec.json
2025-09-05T19:03:14.5863230Z   CDN: trunk Redirecting from https://cdn.cocoapods.org/Specs/0/3/5/Firebase/1.2.2/Firebase.podspec.json to https://cdn.jsdelivr.net/cocoa/Specs/0/3/5/Firebase/1.2.2/Firebase.podspec.json
2025-09-05T19:03:14.5864280Z   CDN: trunk Redirecting from https://cdn.cocoapods.org/Specs/0/3/5/Firebase/1.2.3/Firebase.podspec.json to https://cdn.jsdelivr.net/cocoa/Specs/0/3/5/Firebase/1.2.3/Firebase.podspec.json
2025-09-05T19:03:14.5865300Z   CDN: trunk Redirecting from https://cdn.cocoapods.org/Specs/0/3/5/Firebase/10.0.0/Firebase.podspec.json to https://cdn.jsdelivr.net/cocoa/Specs/0/3/5/Firebase/10.0.0/Firebase.podspec.json
2025-09-05T19:03:14.5866380Z   CDN: trunk Redirecting from https://cdn.cocoapods.org/Specs/0/3/5/Firebase/10.1.0/Firebase.podspec.json to https://cdn.jsdelivr.net/cocoa/Specs/0/3/5/Firebase/10.1.0/Firebase.podspec.json
2025-09-05T19:03:14.5867370Z   CDN: trunk Redirecting from https://cdn.cocoapods.org/Specs/0/3/5/Firebase/10.10.0/Firebase.podspec.json to https://cdn.jsdelivr.net/cocoa/Specs/0/3/5/Firebase/10.10.0/Firebase.podspec.json
2025-09-05T19:03:14.5868430Z   CDN: trunk Redirecting from https://cdn.cocoapods.org/Specs/0/3/5/Firebase/10.11.0/Firebase.podspec.json to https://cdn.jsdelivr.net/cocoa/Specs/0/3/5/Firebase/10.11.0/Firebase.podspec.json
2025-09-05T19:03:14.5869940Z   CDN: trunk Redirecting from https://cdn.cocoapods.org/Specs/0/3/5/Firebase/10.12.0/Firebase.podspec.json to https://cdn.jsdelivr.net/cocoa/Specs/0/3/5/Firebase/10.12.0/Firebase.podspec.json
2025-09-05T19:03:14.5870970Z   CDN: trunk Redirecting from https://cdn.cocoapods.org/Specs/0/3/5/Firebase/10.13.0/Firebase.podspec.json to https://cdn.jsdelivr.net/cocoa/Specs/0/3/5/Firebase/10.13.0/Firebase.podspec.json
2025-09-05T19:03:14.5871930Z   CDN: trunk Redirecting from https://cdn.cocoapods.org/Specs/0/3/5/Firebase/10.14.0/Firebase.podspec.json to https://cdn.jsdelivr.net/cocoa/Specs/0/3/5/Firebase/10.14.0/Firebase.podspec.json
2025-09-05T19:03:14.5872970Z   CDN: trunk Redirecting from https://cdn.cocoapods.org/Specs/0/3/5/Firebase/10.15.0/Firebase.podspec.json to https://cdn.jsdelivr.net/cocoa/Specs/0/3/5/Firebase/10.15.0/Firebase.podspec.json
2025-09-05T19:03:14.5873980Z   CDN: trunk Redirecting from https://cdn.cocoapods.org/Specs/0/3/5/Firebase/10.16.0/Firebase.podspec.json to https://cdn.jsdelivr.net/cocoa/Specs/0/3/5/Firebase/10.16.0/Firebase.podspec.json
2025-09-05T19:03:14.5874960Z   CDN: trunk Redirecting from https://cdn.cocoapods.org/Specs/0/3/5/Firebase/10.17.0/Firebase.podspec.json to https://cdn.jsdelivr.net/cocoa/Specs/0/3/5/Firebase/10.17.0/Firebase.podspec.json
2025-09-05T19:03:14.5907430Z   CDN: trunk Redirecting from https://cdn.cocoapods.org/Specs/0/3/5/Firebase/10.18.0/Firebase.podspec.json to https://cdn.jsdelivr.net/cocoa/Specs/0/3/5/Firebase/10.18.0/Firebase.podspec.json
2025-09-05T19:03:14.5908590Z   CDN: trunk Redirecting from https://cdn.cocoapods.org/Specs/0/3/5/Firebase/10.19.0/Firebase.podspec.json to https://cdn.jsdelivr.net/cocoa/Specs/0/3/5/Firebase/10.19.0/Firebase.podspec.json
2025-09-05T19:03:14.5909520Z   CDN: trunk Redirecting from https://cdn.cocoapods.org/Specs/0/3/5/Firebase/10.2.0/Firebase.podspec.json to https://cdn.jsdelivr.net/cocoa/Specs/0/3/5/Firebase/10.2.0/Firebase.podspec.json
2025-09-05T19:03:14.5910500Z   CDN: trunk Redirecting from https://cdn.cocoapods.org/Specs/0/3/5/Firebase/10.20.0/Firebase.podspec.json to https://cdn.jsdelivr.net/cocoa/Specs/0/3/5/Firebase/10.20.0/Firebase.podspec.json
2025-09-05T19:03:14.5911420Z   CDN: trunk Redirecting from https://cdn.cocoapods.org/Specs/0/3/5/Firebase/10.21.0/Firebase.podspec.json to https://cdn.jsdelivr.net/cocoa/Specs/0/3/5/Firebase/10.21.0/Firebase.podspec.json
2025-09-05T19:03:14.5912400Z   CDN: trunk Redirecting from https://cdn.cocoapods.org/Specs/0/3/5/Firebase/10.22.0/Firebase.podspec.json to https://cdn.jsdelivr.net/cocoa/Specs/0/3/5/Firebase/10.22.0/Firebase.podspec.json
2025-09-05T19:03:14.5913810Z   CDN: trunk Redirecting from https://cdn.cocoapods.org/Specs/0/3/5/Firebase/10.23.0/Firebase.podspec.json to https://cdn.jsdelivr.net/cocoa/Specs/0/3/5/Firebase/10.23.0/Firebase.podspec.json
2025-09-05T19:03:14.5914800Z   CDN: trunk Redirecting from https://cdn.cocoapods.org/Specs/0/3/5/Firebase/10.23.1/Firebase.podspec.json to https://cdn.jsdelivr.net/cocoa/Specs/0/3/5/Firebase/10.23.1/Firebase.podspec.json
2025-09-05T19:03:14.5915800Z   CDN: trunk Redirecting from https://cdn.cocoapods.org/Specs/0/3/5/Firebase/10.24.0/Firebase.podspec.json to https://cdn.jsdelivr.net/cocoa/Specs/0/3/5/Firebase/10.24.0/Firebase.podspec.json
2025-09-05T19:03:14.5916830Z   CDN: trunk Redirecting from https://cdn.cocoapods.org/Specs/0/3/5/Firebase/10.25.0/Firebase.podspec.json to https://cdn.jsdelivr.net/cocoa/Specs/0/3/5/Firebase/10.25.0/Firebase.podspec.json
2025-09-05T19:03:14.5917820Z   CDN: trunk Redirecting from https://cdn.cocoapods.org/Specs/0/3/5/Firebase/10.27.0/Firebase.podspec.json to https://cdn.jsdelivr.net/cocoa/Specs/0/3/5/Firebase/10.27.0/Firebase.podspec.json
2025-09-05T19:03:14.5918720Z   CDN: trunk Redirecting from https://cdn.cocoapods.org/Specs/0/3/5/Firebase/10.28.0/Firebase.podspec.json to https://cdn.jsdelivr.net/cocoa/Specs/0/3/5/Firebase/10.28.0/Firebase.podspec.json
2025-09-05T19:03:14.5919890Z   CDN: trunk Redirecting from https://cdn.cocoapods.org/Specs/0/3/5/Firebase/10.28.1/Firebase.podspec.json to https://cdn.jsdelivr.net/cocoa/Specs/0/3/5/Firebase/10.28.1/Firebase.podspec.json
2025-09-05T19:03:14.5921060Z   CDN: trunk Redirecting from https://cdn.cocoapods.org/Specs/0/3/5/Firebase/10.29.0/Firebase.podspec.json to https://cdn.jsdelivr.net/cocoa/Specs/0/3/5/Firebase/10.29.0/Firebase.podspec.json
2025-09-05T19:03:14.5922400Z   CDN: trunk Redirecting from https://cdn.cocoapods.org/Specs/0/3/5/Firebase/10.3.0/Firebase.podspec.json to https://cdn.jsdelivr.net/cocoa/Specs/0/3/5/Firebase/10.3.0/Firebase.podspec.json
2025-09-05T19:03:14.5923380Z   CDN: trunk Redirecting from https://cdn.cocoapods.org/Specs/0/3/5/Firebase/10.4.0/Firebase.podspec.json to https://cdn.jsdelivr.net/cocoa/Specs/0/3/5/Firebase/10.4.0/Firebase.podspec.json
2025-09-05T19:03:14.5924280Z   CDN: trunk Redirecting from https://cdn.cocoapods.org/Specs/0/3/5/Firebase/10.5.0/Firebase.podspec.json to https://cdn.jsdelivr.net/cocoa/Specs/0/3/5/Firebase/10.5.0/Firebase.podspec.json
2025-09-05T19:03:14.5925180Z   CDN: trunk Redirecting from https://cdn.cocoapods.org/Specs/0/3/5/Firebase/10.6.0/Firebase.podspec.json to https://cdn.jsdelivr.net/cocoa/Specs/0/3/5/Firebase/10.6.0/Firebase.podspec.json
2025-09-05T19:03:14.5926150Z   CDN: trunk Redirecting from https://cdn.cocoapods.org/Specs/0/3/5/Firebase/10.7.0/Firebase.podspec.json to https://cdn.jsdelivr.net/cocoa/Specs/0/3/5/Firebase/10.7.0/Firebase.podspec.json
2025-09-05T19:03:14.5927050Z   CDN: trunk Redirecting from https://cdn.cocoapods.org/Specs/0/3/5/Firebase/10.8.0/Firebase.podspec.json to https://cdn.jsdelivr.net/cocoa/Specs/0/3/5/Firebase/10.8.0/Firebase.podspec.json
2025-09-05T19:03:14.5927940Z   CDN: trunk Redirecting from https://cdn.cocoapods.org/Specs/0/3/5/Firebase/10.9.0/Firebase.podspec.json to https://cdn.jsdelivr.net/cocoa/Specs/0/3/5/Firebase/10.9.0/Firebase.podspec.json
2025-09-05T19:03:14.5928840Z   CDN: trunk Redirecting from https://cdn.cocoapods.org/Specs/0/3/5/Firebase/11.0.0/Firebase.podspec.json to https://cdn.jsdelivr.net/cocoa/Specs/0/3/5/Firebase/11.0.0/Firebase.podspec.json
2025-09-05T19:03:14.5929730Z   CDN: trunk Redirecting from https://cdn.cocoapods.org/Specs/0/3/5/Firebase/11.1.0/Firebase.podspec.json to https://cdn.jsdelivr.net/cocoa/Specs/0/3/5/Firebase/11.1.0/Firebase.podspec.json
2025-09-05T19:03:14.5930800Z   CDN: trunk Redirecting from https://cdn.cocoapods.org/Specs/0/3/5/Firebase/11.10.0/Firebase.podspec.json to https://cdn.jsdelivr.net/cocoa/Specs/0/3/5/Firebase/11.10.0/Firebase.podspec.json
2025-09-05T19:03:14.5931780Z   CDN: trunk Redirecting from https://cdn.cocoapods.org/Specs/0/3/5/Firebase/11.11.0/Firebase.podspec.json to https://cdn.jsdelivr.net/cocoa/Specs/0/3/5/Firebase/11.11.0/Firebase.podspec.json
2025-09-05T19:03:14.5932940Z   CDN: trunk Redirecting from https://cdn.cocoapods.org/Specs/0/3/5/Firebase/11.12.0/Firebase.podspec.json to https://cdn.jsdelivr.net/cocoa/Specs/0/3/5/Firebase/11.12.0/Firebase.podspec.json
2025-09-05T19:03:14.5933910Z   CDN: trunk Redirecting from https://cdn.cocoapods.org/Specs/0/3/5/Firebase/11.13.0/Firebase.podspec.json to https://cdn.jsdelivr.net/cocoa/Specs/0/3/5/Firebase/11.13.0/Firebase.podspec.json
2025-09-05T19:03:14.5935030Z   CDN: trunk Redirecting from https://cdn.cocoapods.org/Specs/0/3/5/Firebase/11.14.0/Firebase.podspec.json to https://cdn.jsdelivr.net/cocoa/Specs/0/3/5/Firebase/11.14.0/Firebase.podspec.json
2025-09-05T19:03:14.5936010Z   CDN: trunk Redirecting from https://cdn.cocoapods.org/Specs/0/3/5/Firebase/11.15.0/Firebase.podspec.json to https://cdn.jsdelivr.net/cocoa/Specs/0/3/5/Firebase/11.15.0/Firebase.podspec.json
2025-09-05T19:03:14.5937000Z   CDN: trunk Redirecting from https://cdn.cocoapods.org/Specs/0/3/5/Firebase/11.2.0/Firebase.podspec.json to https://cdn.jsdelivr.net/cocoa/Specs/0/3/5/Firebase/11.2.0/Firebase.podspec.json
2025-09-05T19:03:14.5938050Z   CDN: trunk Redirecting from https://cdn.cocoapods.org/Specs/0/3/5/Firebase/11.3.0/Firebase.podspec.json to https://cdn.jsdelivr.net/cocoa/Specs/0/3/5/Firebase/11.3.0/Firebase.podspec.json
2025-09-05T19:03:14.5939230Z   CDN: trunk Redirecting from https://cdn.cocoapods.org/Specs/0/3/5/Firebase/11.4.0/Firebase.podspec.json to https://cdn.jsdelivr.net/cocoa/Specs/0/3/5/Firebase/11.4.0/Firebase.podspec.json
2025-09-05T19:03:14.5940210Z   CDN: trunk Redirecting from https://cdn.cocoapods.org/Specs/0/3/5/Firebase/11.4.1/Firebase.podspec.json to https://cdn.jsdelivr.net/cocoa/Specs/0/3/5/Firebase/11.4.1/Firebase.podspec.json
2025-09-05T19:03:14.5941300Z   CDN: trunk Redirecting from https://cdn.cocoapods.org/Specs/0/3/5/Firebase/11.4.2/Firebase.podspec.json to https://cdn.jsdelivr.net/cocoa/Specs/0/3/5/Firebase/11.4.2/Firebase.podspec.json
2025-09-05T19:03:14.5942290Z   CDN: trunk Redirecting from https://cdn.cocoapods.org/Specs/0/3/5/Firebase/11.5.0/Firebase.podspec.json to https://cdn.jsdelivr.net/cocoa/Specs/0/3/5/Firebase/11.5.0/Firebase.podspec.json
2025-09-05T19:03:14.5943830Z   CDN: trunk Redirecting from https://cdn.cocoapods.org/Specs/0/3/5/Firebase/11.6.0/Firebase.podspec.json to https://cdn.jsdelivr.net/cocoa/Specs/0/3/5/Firebase/11.6.0/Firebase.podspec.json
2025-09-05T19:03:14.5944880Z   CDN: trunk Redirecting from https://cdn.cocoapods.org/Specs/0/3/5/Firebase/11.7.0/Firebase.podspec.json to https://cdn.jsdelivr.net/cocoa/Specs/0/3/5/Firebase/11.7.0/Firebase.podspec.json
2025-09-05T19:03:14.5945940Z   CDN: trunk Redirecting from https://cdn.cocoapods.org/Specs/0/3/5/Firebase/11.8.0/Firebase.podspec.json to https://cdn.jsdelivr.net/cocoa/Specs/0/3/5/Firebase/11.8.0/Firebase.podspec.json
2025-09-05T19:03:14.5946890Z   CDN: trunk Redirecting from https://cdn.cocoapods.org/Specs/0/3/5/Firebase/11.8.1/Firebase.podspec.json to https://cdn.jsdelivr.net/cocoa/Specs/0/3/5/Firebase/11.8.1/Firebase.podspec.json
2025-09-05T19:03:14.5947860Z   CDN: trunk Redirecting from https://cdn.cocoapods.org/Specs/0/3/5/Firebase/11.9.0/Firebase.podspec.json to https://cdn.jsdelivr.net/cocoa/Specs/0/3/5/Firebase/11.9.0/Firebase.podspec.json
2025-09-05T19:03:14.5948850Z   CDN: trunk Redirecting from https://cdn.cocoapods.org/Specs/0/3/5/Firebase/12.0.0/Firebase.podspec.json to https://cdn.jsdelivr.net/cocoa/Specs/0/3/5/Firebase/12.0.0/Firebase.podspec.json
2025-09-05T19:03:14.5949810Z   CDN: trunk Redirecting from https://cdn.cocoapods.org/Specs/0/3/5/Firebase/12.1.0/Firebase.podspec.json to https://cdn.jsdelivr.net/cocoa/Specs/0/3/5/Firebase/12.1.0/Firebase.podspec.json
2025-09-05T19:03:14.5950820Z   CDN: trunk Redirecting from https://cdn.cocoapods.org/Specs/0/3/5/Firebase/12.2.0/Firebase.podspec.json to https://cdn.jsdelivr.net/cocoa/Specs/0/3/5/Firebase/12.2.0/Firebase.podspec.json
2025-09-05T19:03:14.5952110Z   CDN: trunk Redirecting from https://cdn.cocoapods.org/Specs/0/3/5/Firebase/2.0.0/Firebase.podspec.json to https://cdn.jsdelivr.net/cocoa/Specs/0/3/5/Firebase/2.0.0/Firebase.podspec.json
2025-09-05T19:03:14.5953100Z   CDN: trunk Redirecting from https://cdn.cocoapods.org/Specs/0/3/5/Firebase/2.0.1/Firebase.podspec.json to https://cdn.jsdelivr.net/cocoa/Specs/0/3/5/Firebase/2.0.1/Firebase.podspec.json
2025-09-05T19:03:14.5954150Z   CDN: trunk Redirecting from https://cdn.cocoapods.org/Specs/0/3/5/Firebase/2.0.2/Firebase.podspec.json to https://cdn.jsdelivr.net/cocoa/Specs/0/3/5/Firebase/2.0.2/Firebase.podspec.json
2025-09-05T19:03:14.5955180Z   CDN: trunk Redirecting from https://cdn.cocoapods.org/Specs/0/3/5/Firebase/2.0.3/Firebase.podspec.json to https://cdn.jsdelivr.net/cocoa/Specs/0/3/5/Firebase/2.0.3/Firebase.podspec.json
2025-09-05T19:03:14.5956140Z   CDN: trunk Redirecting from https://cdn.cocoapods.org/Specs/0/3/5/Firebase/2.1.0/Firebase.podspec.json to https://cdn.jsdelivr.net/cocoa/Specs/0/3/5/Firebase/2.1.0/Firebase.podspec.json
2025-09-05T19:03:14.5957180Z   CDN: trunk Redirecting from https://cdn.cocoapods.org/Specs/0/3/5/Firebase/2.1.1/Firebase.podspec.json to https://cdn.jsdelivr.net/cocoa/Specs/0/3/5/Firebase/2.1.1/Firebase.podspec.json
2025-09-05T19:03:14.5958240Z   CDN: trunk Redirecting from https://cdn.cocoapods.org/Specs/0/3/5/Firebase/2.1.2/Firebase.podspec.json to https://cdn.jsdelivr.net/cocoa/Specs/0/3/5/Firebase/2.1.2/Firebase.podspec.json
2025-09-05T19:03:14.5959420Z   CDN: trunk Redirecting from https://cdn.cocoapods.org/Specs/0/3/5/Firebase/2.2.0/Firebase.podspec.json to https://cdn.jsdelivr.net/cocoa/Specs/0/3/5/Firebase/2.2.0/Firebase.podspec.json
2025-09-05T19:03:14.5960400Z   CDN: trunk Redirecting from https://cdn.cocoapods.org/Specs/0/3/5/Firebase/2.2.1/Firebase.podspec.json to https://cdn.jsdelivr.net/cocoa/Specs/0/3/5/Firebase/2.2.1/Firebase.podspec.json
2025-09-05T19:03:14.5961340Z   CDN: trunk Redirecting from https://cdn.cocoapods.org/Specs/0/3/5/Firebase/2.2.2/Firebase.podspec.json to https://cdn.jsdelivr.net/cocoa/Specs/0/3/5/Firebase/2.2.2/Firebase.podspec.json
2025-09-05T19:03:14.5962380Z   CDN: trunk Redirecting from https://cdn.cocoapods.org/Specs/0/3/5/Firebase/2.3.0/Firebase.podspec.json to https://cdn.jsdelivr.net/cocoa/Specs/0/3/5/Firebase/2.3.0/Firebase.podspec.json
2025-09-05T19:03:14.5963270Z   CDN: trunk Redirecting from https://cdn.cocoapods.org/Specs/0/3/5/Firebase/2.3.1/Firebase.podspec.json to https://cdn.jsdelivr.net/cocoa/Specs/0/3/5/Firebase/2.3.1/Firebase.podspec.json
2025-09-05T19:03:14.5964310Z   CDN: trunk Redirecting from https://cdn.cocoapods.org/Specs/0/3/5/Firebase/2.3.2/Firebase.podspec.json to https://cdn.jsdelivr.net/cocoa/Specs/0/3/5/Firebase/2.3.2/Firebase.podspec.json
2025-09-05T19:03:14.5965260Z   CDN: trunk Redirecting from https://cdn.cocoapods.org/Specs/0/3/5/Firebase/2.3.3/Firebase.podspec.json to https://cdn.jsdelivr.net/cocoa/Specs/0/3/5/Firebase/2.3.3/Firebase.podspec.json
2025-09-05T19:03:14.5966570Z   CDN: trunk Redirecting from https://cdn.cocoapods.org/Specs/0/3/5/Firebase/2.4.0/Firebase.podspec.json to https://cdn.jsdelivr.net/cocoa/Specs/0/3/5/Firebase/2.4.0/Firebase.podspec.json
2025-09-05T19:03:14.5967730Z   CDN: trunk Redirecting from https://cdn.cocoapods.org/Specs/0/3/5/Firebase/2.4.1/Firebase.podspec.json to https://cdn.jsdelivr.net/cocoa/Specs/0/3/5/Firebase/2.4.1/Firebase.podspec.json
2025-09-05T19:03:14.5968740Z   CDN: trunk Redirecting from https://cdn.cocoapods.org/Specs/0/3/5/Firebase/2.4.1.1/Firebase.podspec.json to https://cdn.jsdelivr.net/cocoa/Specs/0/3/5/Firebase/2.4.1.1/Firebase.podspec.json
2025-09-05T19:03:14.5969710Z   CDN: trunk Redirecting from https://cdn.cocoapods.org/Specs/0/3/5/Firebase/2.4.2/Firebase.podspec.json to https://cdn.jsdelivr.net/cocoa/Specs/0/3/5/Firebase/2.4.2/Firebase.podspec.json
2025-09-05T19:03:14.5970790Z   CDN: trunk Redirecting from https://cdn.cocoapods.org/Specs/0/3/5/Firebase/2.4.3/Firebase.podspec.json to https://cdn.jsdelivr.net/cocoa/Specs/0/3/5/Firebase/2.4.3/Firebase.podspec.json
2025-09-05T19:03:14.5972040Z   CDN: trunk Redirecting from https://cdn.cocoapods.org/Specs/0/3/5/Firebase/2.5.0/Firebase.podspec.json to https://cdn.jsdelivr.net/cocoa/Specs/0/3/5/Firebase/2.5.0/Firebase.podspec.json
2025-09-05T19:03:14.5973010Z   CDN: trunk Redirecting from https://cdn.cocoapods.org/Specs/0/3/5/Firebase/2.5.1/Firebase.podspec.json to https://cdn.jsdelivr.net/cocoa/Specs/0/3/5/Firebase/2.5.1/Firebase.podspec.json
2025-09-05T19:03:14.5974220Z   CDN: trunk Redirecting from https://cdn.cocoapods.org/Specs/0/3/5/Firebase/3.10.0/Firebase.podspec.json to https://cdn.jsdelivr.net/cocoa/Specs/0/3/5/Firebase/3.10.0/Firebase.podspec.json
2025-09-05T19:03:14.5975240Z   CDN: trunk Redirecting from https://cdn.cocoapods.org/Specs/0/3/5/Firebase/3.11.0/Firebase.podspec.json to https://cdn.jsdelivr.net/cocoa/Specs/0/3/5/Firebase/3.11.0/Firebase.podspec.json
2025-09-05T19:03:14.5976310Z   CDN: trunk Redirecting from https://cdn.cocoapods.org/Specs/0/3/5/Firebase/3.11.1/Firebase.podspec.json to https://cdn.jsdelivr.net/cocoa/Specs/0/3/5/Firebase/3.11.1/Firebase.podspec.json
2025-09-05T19:03:14.5977250Z   CDN: trunk Redirecting from https://cdn.cocoapods.org/Specs/0/3/5/Firebase/3.12.0/Firebase.podspec.json to https://cdn.jsdelivr.net/cocoa/Specs/0/3/5/Firebase/3.12.0/Firebase.podspec.json
2025-09-05T19:03:14.5978260Z   CDN: trunk Redirecting from https://cdn.cocoapods.org/Specs/0/3/5/Firebase/3.13.0/Firebase.podspec.json to https://cdn.jsdelivr.net/cocoa/Specs/0/3/5/Firebase/3.13.0/Firebase.podspec.json
2025-09-05T19:03:14.5979500Z   CDN: trunk Redirecting from https://cdn.cocoapods.org/Specs/0/3/5/Firebase/3.14.0/Firebase.podspec.json to https://cdn.jsdelivr.net/cocoa/Specs/0/3/5/Firebase/3.14.0/Firebase.podspec.json
2025-09-05T19:03:14.5980770Z   CDN: trunk Redirecting from https://cdn.cocoapods.org/Specs/0/3/5/Firebase/3.15.0/Firebase.podspec.json to https://cdn.jsdelivr.net/cocoa/Specs/0/3/5/Firebase/3.15.0/Firebase.podspec.json
2025-09-05T19:03:14.5981750Z   CDN: trunk Redirecting from https://cdn.cocoapods.org/Specs/0/3/5/Firebase/3.2.0/Firebase.podspec.json to https://cdn.jsdelivr.net/cocoa/Specs/0/3/5/Firebase/3.2.0/Firebase.podspec.json
2025-09-05T19:03:14.5982810Z   CDN: trunk Redirecting from https://cdn.cocoapods.org/Specs/0/3/5/Firebase/3.3.0/Firebase.podspec.json to https://cdn.jsdelivr.net/cocoa/Specs/0/3/5/Firebase/3.3.0/Firebase.podspec.json
2025-09-05T19:03:14.5983770Z   CDN: trunk Redirecting from https://cdn.cocoapods.org/Specs/0/3/5/Firebase/3.4.0/Firebase.podspec.json to https://cdn.jsdelivr.net/cocoa/Specs/0/3/5/Firebase/3.4.0/Firebase.podspec.json
2025-09-05T19:03:14.5984740Z   CDN: trunk Redirecting from https://cdn.cocoapods.org/Specs/0/3/5/Firebase/3.5.2/Firebase.podspec.json to https://cdn.jsdelivr.net/cocoa/Specs/0/3/5/Firebase/3.5.2/Firebase.podspec.json
2025-09-05T19:03:14.5985650Z   CDN: trunk Redirecting from https://cdn.cocoapods.org/Specs/0/3/5/Firebase/6.33.0/Firebase.podspec.json to https://cdn.jsdelivr.net/cocoa/Specs/0/3/5/Firebase/6.33.0/Firebase.podspec.json
2025-09-05T19:03:14.5986560Z   CDN: trunk Redirecting from https://cdn.cocoapods.org/Specs/0/3/5/Firebase/6.0.0/Firebase.podspec.json to https://cdn.jsdelivr.net/cocoa/Specs/0/3/5/Firebase/6.0.0/Firebase.podspec.json
2025-09-05T19:03:14.5987740Z   CDN: trunk Redirecting from https://cdn.cocoapods.org/Specs/0/3/5/Firebase/6.1.0/Firebase.podspec.json to https://cdn.jsdelivr.net/cocoa/Specs/0/3/5/Firebase/6.1.0/Firebase.podspec.json
2025-09-05T19:03:14.5988830Z   CDN: trunk Redirecting from https://cdn.cocoapods.org/Specs/0/3/5/Firebase/6.12.0/Firebase.podspec.json to https://cdn.jsdelivr.net/cocoa/Specs/0/3/5/Firebase/6.12.0/Firebase.podspec.json
2025-09-05T19:03:14.5989720Z   CDN: trunk Redirecting from https://cdn.cocoapods.org/Specs/0/3/5/Firebase/6.14.0/Firebase.podspec.json to https://cdn.jsdelivr.net/cocoa/Specs/0/3/5/Firebase/6.14.0/Firebase.podspec.json
2025-09-05T19:03:14.5990690Z   CDN: trunk Redirecting from https://cdn.cocoapods.org/Specs/0/3/5/Firebase/6.15.0/Firebase.podspec.json to https://cdn.jsdelivr.net/cocoa/Specs/0/3/5/Firebase/6.15.0/Firebase.podspec.json
2025-09-05T19:03:14.5992030Z   CDN: trunk Redirecting from https://cdn.cocoapods.org/Specs/0/3/5/Firebase/6.17.0/Firebase.podspec.json to https://cdn.jsdelivr.net/cocoa/Specs/0/3/5/Firebase/6.17.0/Firebase.podspec.json
2025-09-05T19:03:14.5992980Z   CDN: trunk Redirecting from https://cdn.cocoapods.org/Specs/0/3/5/Firebase/6.19.0/Firebase.podspec.json to https://cdn.jsdelivr.net/cocoa/Specs/0/3/5/Firebase/6.19.0/Firebase.podspec.json
2025-09-05T19:03:14.5993950Z   CDN: trunk Redirecting from https://cdn.cocoapods.org/Specs/0/3/5/Firebase/6.2.0/Firebase.podspec.json to https://cdn.jsdelivr.net/cocoa/Specs/0/3/5/Firebase/6.2.0/Firebase.podspec.json
2025-09-05T19:03:14.5995010Z   CDN: trunk Redirecting from https://cdn.cocoapods.org/Specs/0/3/5/Firebase/6.20.0/Firebase.podspec.json to https://cdn.jsdelivr.net/cocoa/Specs/0/3/5/Firebase/6.20.0/Firebase.podspec.json
2025-09-05T19:03:14.5995990Z   CDN: trunk Redirecting from https://cdn.cocoapods.org/Specs/0/3/5/Firebase/6.22.0/Firebase.podspec.json to https://cdn.jsdelivr.net/cocoa/Specs/0/3/5/Firebase/6.22.0/Firebase.podspec.json
2025-09-05T19:03:14.5996950Z   CDN: trunk Redirecting from https://cdn.cocoapods.org/Specs/0/3/5/Firebase/6.23.0/Firebase.podspec.json to https://cdn.jsdelivr.net/cocoa/Specs/0/3/5/Firebase/6.23.0/Firebase.podspec.json
2025-09-05T19:03:14.5998130Z   CDN: trunk Redirecting from https://cdn.cocoapods.org/Specs/0/3/5/Firebase/6.24.0/Firebase.podspec.json to https://cdn.jsdelivr.net/cocoa/Specs/0/3/5/Firebase/6.24.0/Firebase.podspec.json
2025-09-05T19:03:14.5999340Z   CDN: trunk Redirecting from https://cdn.cocoapods.org/Specs/0/3/5/Firebase/6.26.0/Firebase.podspec.json to https://cdn.jsdelivr.net/cocoa/Specs/0/3/5/Firebase/6.26.0/Firebase.podspec.json
2025-09-05T19:03:14.6000370Z   CDN: trunk Redirecting from https://cdn.cocoapods.org/Specs/0/3/5/Firebase/6.27.1/Firebase.podspec.json to https://cdn.jsdelivr.net/cocoa/Specs/0/3/5/Firebase/6.27.1/Firebase.podspec.json
2025-09-05T19:03:14.6001390Z   CDN: trunk Redirecting from https://cdn.cocoapods.org/Specs/0/3/5/Firebase/6.28.0/Firebase.podspec.json to https://cdn.jsdelivr.net/cocoa/Specs/0/3/5/Firebase/6.28.0/Firebase.podspec.json
2025-09-05T19:03:14.6002290Z   CDN: trunk Redirecting from https://cdn.cocoapods.org/Specs/0/3/5/Firebase/6.3.0/Firebase.podspec.json to https://cdn.jsdelivr.net/cocoa/Specs/0/3/5/Firebase/6.3.0/Firebase.podspec.json
2025-09-05T19:03:14.6003270Z   CDN: trunk Redirecting from https://cdn.cocoapods.org/Specs/0/3/5/Firebase/6.30.0/Firebase.podspec.json to https://cdn.jsdelivr.net/cocoa/Specs/0/3/5/Firebase/6.30.0/Firebase.podspec.json
2025-09-05T19:03:14.6004350Z   CDN: trunk Redirecting from https://cdn.cocoapods.org/Specs/0/3/5/Firebase/6.31.0/Firebase.podspec.json to https://cdn.jsdelivr.net/cocoa/Specs/0/3/5/Firebase/6.31.0/Firebase.podspec.json
2025-09-05T19:03:14.6005240Z   CDN: trunk Redirecting from https://cdn.cocoapods.org/Specs/0/3/5/Firebase/6.31.1/Firebase.podspec.json to https://cdn.jsdelivr.net/cocoa/Specs/0/3/5/Firebase/6.31.1/Firebase.podspec.json
2025-09-05T19:03:14.6006150Z   CDN: trunk Redirecting from https://cdn.cocoapods.org/Specs/0/3/5/Firebase/6.32.0/Firebase.podspec.json to https://cdn.jsdelivr.net/cocoa/Specs/0/3/5/Firebase/6.32.0/Firebase.podspec.json
2025-09-05T19:03:14.6007460Z   CDN: trunk Redirecting from https://cdn.cocoapods.org/Specs/0/3/5/Firebase/6.6.0/Firebase.podspec.json to https://cdn.jsdelivr.net/cocoa/Specs/0/3/5/Firebase/6.6.0/Firebase.podspec.json
2025-09-05T19:03:14.6008450Z   CDN: trunk Redirecting from https://cdn.cocoapods.org/Specs/0/3/5/Firebase/6.8.1/Firebase.podspec.json to https://cdn.jsdelivr.net/cocoa/Specs/0/3/5/Firebase/6.8.1/Firebase.podspec.json
2025-09-05T19:03:14.6009440Z   CDN: trunk Redirecting from https://cdn.cocoapods.org/Specs/0/3/5/Firebase/6.9.0/Firebase.podspec.json to https://cdn.jsdelivr.net/cocoa/Specs/0/3/5/Firebase/6.9.0/Firebase.podspec.json
2025-09-05T19:03:14.6010440Z   CDN: trunk Redirecting from https://cdn.cocoapods.org/Specs/0/3/5/Firebase/7.0.0/Firebase.podspec.json to https://cdn.jsdelivr.net/cocoa/Specs/0/3/5/Firebase/7.0.0/Firebase.podspec.json
2025-09-05T19:03:14.6011580Z   CDN: trunk Redirecting from https://cdn.cocoapods.org/Specs/0/3/5/Firebase/7.1.0/Firebase.podspec.json to https://cdn.jsdelivr.net/cocoa/Specs/0/3/5/Firebase/7.1.0/Firebase.podspec.json
2025-09-05T19:03:14.6012600Z   CDN: trunk Redirecting from https://cdn.cocoapods.org/Specs/0/3/5/Firebase/7.10.0/Firebase.podspec.json to https://cdn.jsdelivr.net/cocoa/Specs/0/3/5/Firebase/7.10.0/Firebase.podspec.json
2025-09-05T19:03:14.6013670Z   CDN: trunk Redirecting from https://cdn.cocoapods.org/Specs/0/3/5/Firebase/7.11.0/Firebase.podspec.json to https://cdn.jsdelivr.net/cocoa/Specs/0/3/5/Firebase/7.11.0/Firebase.podspec.json
2025-09-05T19:03:14.6014640Z   CDN: trunk Redirecting from https://cdn.cocoapods.org/Specs/0/3/5/Firebase/7.2.0/Firebase.podspec.json to https://cdn.jsdelivr.net/cocoa/Specs/0/3/5/Firebase/7.2.0/Firebase.podspec.json
2025-09-05T19:03:14.6015640Z   CDN: trunk Redirecting from https://cdn.cocoapods.org/Specs/0/3/5/Firebase/7.2.0-M1/Firebase.podspec.json to https://cdn.jsdelivr.net/cocoa/Specs/0/3/5/Firebase/7.2.0-M1/Firebase.podspec.json
2025-09-05T19:03:14.6016700Z   CDN: trunk Redirecting from https://cdn.cocoapods.org/Specs/0/3/5/Firebase/7.3.0/Firebase.podspec.json to https://cdn.jsdelivr.net/cocoa/Specs/0/3/5/Firebase/7.3.0/Firebase.podspec.json
2025-09-05T19:03:14.6017900Z   CDN: trunk Redirecting from https://cdn.cocoapods.org/Specs/0/3/5/Firebase/7.3.0-M1/Firebase.podspec.json to https://cdn.jsdelivr.net/cocoa/Specs/0/3/5/Firebase/7.3.0-M1/Firebase.podspec.json
2025-09-05T19:03:14.6018930Z   CDN: trunk Redirecting from https://cdn.cocoapods.org/Specs/0/3/5/Firebase/7.4.0/Firebase.podspec.json to https://cdn.jsdelivr.net/cocoa/Specs/0/3/5/Firebase/7.4.0/Firebase.podspec.json
2025-09-05T19:03:14.6019890Z   CDN: trunk Redirecting from https://cdn.cocoapods.org/Specs/0/3/5/Firebase/7.4.0-M1/Firebase.podspec.json to https://cdn.jsdelivr.net/cocoa/Specs/0/3/5/Firebase/7.4.0-M1/Firebase.podspec.json
2025-09-05T19:03:14.6020850Z   CDN: trunk Redirecting from https://cdn.cocoapods.org/Specs/0/3/5/Firebase/7.5.0/Firebase.podspec.json to https://cdn.jsdelivr.net/cocoa/Specs/0/3/5/Firebase/7.5.0/Firebase.podspec.json
2025-09-05T19:03:14.6021800Z   CDN: trunk Redirecting from https://cdn.cocoapods.org/Specs/0/3/5/Firebase/7.6.0/Firebase.podspec.json to https://cdn.jsdelivr.net/cocoa/Specs/0/3/5/Firebase/7.6.0/Firebase.podspec.json
2025-09-05T19:03:14.6022740Z   CDN: trunk Redirecting from https://cdn.cocoapods.org/Specs/0/3/5/Firebase/7.7.0/Firebase.podspec.json to https://cdn.jsdelivr.net/cocoa/Specs/0/3/5/Firebase/7.7.0/Firebase.podspec.json
2025-09-05T19:03:14.6023730Z   CDN: trunk Redirecting from https://cdn.cocoapods.org/Specs/0/3/5/Firebase/7.8.0/Firebase.podspec.json to https://cdn.jsdelivr.net/cocoa/Specs/0/3/5/Firebase/7.8.0/Firebase.podspec.json
2025-09-05T19:03:14.6024690Z   CDN: trunk Redirecting from https://cdn.cocoapods.org/Specs/0/3/5/Firebase/7.8.1/Firebase.podspec.json to https://cdn.jsdelivr.net/cocoa/Specs/0/3/5/Firebase/7.8.1/Firebase.podspec.json
2025-09-05T19:03:14.6025750Z   CDN: trunk Redirecting from https://cdn.cocoapods.org/Specs/0/3/5/Firebase/7.9.0/Firebase.podspec.json to https://cdn.jsdelivr.net/cocoa/Specs/0/3/5/Firebase/7.9.0/Firebase.podspec.json
2025-09-05T19:03:14.6026770Z   CDN: trunk Redirecting from https://cdn.cocoapods.org/Specs/0/3/5/Firebase/7.9.0-k1/Firebase.podspec.json to https://cdn.jsdelivr.net/cocoa/Specs/0/3/5/Firebase/7.9.0-k1/Firebase.podspec.json
2025-09-05T19:03:14.6027730Z   CDN: trunk Redirecting from https://cdn.cocoapods.org/Specs/0/3/5/Firebase/7.9.0-k2/Firebase.podspec.json to https://cdn.jsdelivr.net/cocoa/Specs/0/3/5/Firebase/7.9.0-k2/Firebase.podspec.json
2025-09-05T19:03:14.6028660Z   CDN: trunk Redirecting from https://cdn.cocoapods.org/Specs/0/3/5/Firebase/8.0.0/Firebase.podspec.json to https://cdn.jsdelivr.net/cocoa/Specs/0/3/5/Firebase/8.0.0/Firebase.podspec.json
2025-09-05T19:03:14.6029910Z   CDN: trunk Redirecting from https://cdn.cocoapods.org/Specs/0/3/5/Firebase/8.1.0/Firebase.podspec.json to https://cdn.jsdelivr.net/cocoa/Specs/0/3/5/Firebase/8.1.0/Firebase.podspec.json
2025-09-05T19:03:14.6030890Z   CDN: trunk Redirecting from https://cdn.cocoapods.org/Specs/0/3/5/Firebase/8.1.1/Firebase.podspec.json to https://cdn.jsdelivr.net/cocoa/Specs/0/3/5/Firebase/8.1.1/Firebase.podspec.json
2025-09-05T19:03:14.6031880Z   CDN: trunk Redirecting from https://cdn.cocoapods.org/Specs/0/3/5/Firebase/8.10.0/Firebase.podspec.json to https://cdn.jsdelivr.net/cocoa/Specs/0/3/5/Firebase/8.10.0/Firebase.podspec.json
2025-09-05T19:03:14.6032860Z   CDN: trunk Redirecting from https://cdn.cocoapods.org/Specs/0/3/5/Firebase/8.11.0/Firebase.podspec.json to https://cdn.jsdelivr.net/cocoa/Specs/0/3/5/Firebase/8.11.0/Firebase.podspec.json
2025-09-05T19:03:14.6033870Z   CDN: trunk Redirecting from https://cdn.cocoapods.org/Specs/0/3/5/Firebase/8.12.1/Firebase.podspec.json to https://cdn.jsdelivr.net/cocoa/Specs/0/3/5/Firebase/8.12.1/Firebase.podspec.json
2025-09-05T19:03:14.6034850Z   CDN: trunk Redirecting from https://cdn.cocoapods.org/Specs/0/3/5/Firebase/8.13.0/Firebase.podspec.json to https://cdn.jsdelivr.net/cocoa/Specs/0/3/5/Firebase/8.13.0/Firebase.podspec.json
2025-09-05T19:03:14.6035880Z   CDN: trunk Redirecting from https://cdn.cocoapods.org/Specs/0/3/5/Firebase/8.14.0/Firebase.podspec.json to https://cdn.jsdelivr.net/cocoa/Specs/0/3/5/Firebase/8.14.0/Firebase.podspec.json
2025-09-05T19:03:14.6060780Z   CDN: trunk Redirecting from https://cdn.cocoapods.org/Specs/0/3/5/Firebase/8.15.0/Firebase.podspec.json to https://cdn.jsdelivr.net/cocoa/Specs/0/3/5/Firebase/8.15.0/Firebase.podspec.json
2025-09-05T19:03:14.6061890Z   CDN: trunk Redirecting from https://cdn.cocoapods.org/Specs/0/3/5/Firebase/8.2.0/Firebase.podspec.json to https://cdn.jsdelivr.net/cocoa/Specs/0/3/5/Firebase/8.2.0/Firebase.podspec.json
2025-09-05T19:03:14.6063040Z   CDN: trunk Redirecting from https://cdn.cocoapods.org/Specs/0/3/5/Firebase/8.3.0/Firebase.podspec.json to https://cdn.jsdelivr.net/cocoa/Specs/0/3/5/Firebase/8.3.0/Firebase.podspec.json
2025-09-05T19:03:14.6064040Z   CDN: trunk Redirecting from https://cdn.cocoapods.org/Specs/0/3/5/Firebase/8.4.0/Firebase.podspec.json to https://cdn.jsdelivr.net/cocoa/Specs/0/3/5/Firebase/8.4.0/Firebase.podspec.json
2025-09-05T19:03:14.6065150Z   CDN: trunk Redirecting from https://cdn.cocoapods.org/Specs/0/3/5/Firebase/8.5.0/Firebase.podspec.json to https://cdn.jsdelivr.net/cocoa/Specs/0/3/5/Firebase/8.5.0/Firebase.podspec.json
2025-09-05T19:03:14.6066190Z   CDN: trunk Redirecting from https://cdn.cocoapods.org/Specs/0/3/5/Firebase/8.6.0/Firebase.podspec.json to https://cdn.jsdelivr.net/cocoa/Specs/0/3/5/Firebase/8.6.0/Firebase.podspec.json
2025-09-05T19:03:14.6067170Z   CDN: trunk Redirecting from https://cdn.cocoapods.org/Specs/0/3/5/Firebase/8.6.1/Firebase.podspec.json to https://cdn.jsdelivr.net/cocoa/Specs/0/3/5/Firebase/8.6.1/Firebase.podspec.json
2025-09-05T19:03:14.6068140Z   CDN: trunk Redirecting from https://cdn.cocoapods.org/Specs/0/3/5/Firebase/8.7.0/Firebase.podspec.json to https://cdn.jsdelivr.net/cocoa/Specs/0/3/5/Firebase/8.7.0/Firebase.podspec.json
2025-09-05T19:03:14.6069170Z   CDN: trunk Redirecting from https://cdn.cocoapods.org/Specs/0/3/5/Firebase/8.8.0/Firebase.podspec.json to https://cdn.jsdelivr.net/cocoa/Specs/0/3/5/Firebase/8.8.0/Firebase.podspec.json
2025-09-05T19:03:14.6070230Z   CDN: trunk Redirecting from https://cdn.cocoapods.org/Specs/0/3/5/Firebase/8.9.0/Firebase.podspec.json to https://cdn.jsdelivr.net/cocoa/Specs/0/3/5/Firebase/8.9.0/Firebase.podspec.json
2025-09-05T19:03:14.6071330Z   CDN: trunk Redirecting from https://cdn.cocoapods.org/Specs/0/3/5/Firebase/8.9.1/Firebase.podspec.json to https://cdn.jsdelivr.net/cocoa/Specs/0/3/5/Firebase/8.9.1/Firebase.podspec.json
2025-09-05T19:03:14.6072360Z   CDN: trunk Redirecting from https://cdn.cocoapods.org/Specs/0/3/5/Firebase/9.0.0/Firebase.podspec.json to https://cdn.jsdelivr.net/cocoa/Specs/0/3/5/Firebase/9.0.0/Firebase.podspec.json
2025-09-05T19:03:14.6073620Z   CDN: trunk Redirecting from https://cdn.cocoapods.org/Specs/0/3/5/Firebase/9.1.0/Firebase.podspec.json to https://cdn.jsdelivr.net/cocoa/Specs/0/3/5/Firebase/9.1.0/Firebase.podspec.json
2025-09-05T19:03:14.6074730Z   CDN: trunk Redirecting from https://cdn.cocoapods.org/Specs/0/3/5/Firebase/9.2.0/Firebase.podspec.json to https://cdn.jsdelivr.net/cocoa/Specs/0/3/5/Firebase/9.2.0/Firebase.podspec.json
2025-09-05T19:03:14.6075790Z   CDN: trunk Redirecting from https://cdn.cocoapods.org/Specs/0/3/5/Firebase/9.3.0/Firebase.podspec.json to https://cdn.jsdelivr.net/cocoa/Specs/0/3/5/Firebase/9.3.0/Firebase.podspec.json
2025-09-05T19:03:14.6077140Z   CDN: trunk Redirecting from https://cdn.cocoapods.org/Specs/0/3/5/Firebase/9.4.0/Firebase.podspec.json to https://cdn.jsdelivr.net/cocoa/Specs/0/3/5/Firebase/9.4.0/Firebase.podspec.json
2025-09-05T19:03:14.6078360Z   CDN: trunk Redirecting from https://cdn.cocoapods.org/Specs/0/3/5/Firebase/9.5.0/Firebase.podspec.json to https://cdn.jsdelivr.net/cocoa/Specs/0/3/5/Firebase/9.5.0/Firebase.podspec.json
2025-09-05T19:03:14.6079400Z   CDN: trunk Redirecting from https://cdn.cocoapods.org/Specs/0/3/5/Firebase/9.6.0/Firebase.podspec.json to https://cdn.jsdelivr.net/cocoa/Specs/0/3/5/Firebase/9.6.0/Firebase.podspec.json
2025-09-05T19:03:14.6080510Z   CDN: trunk Redirecting from https://cdn.cocoapods.org/Specs/0/3/5/Firebase/3.16.0/Firebase.podspec.json to https://cdn.jsdelivr.net/cocoa/Specs/0/3/5/Firebase/3.16.0/Firebase.podspec.json
2025-09-05T19:03:14.6081780Z   CDN: trunk Redirecting from https://cdn.cocoapods.org/Specs/0/3/5/Firebase/6.7.0/Firebase.podspec.json to https://cdn.jsdelivr.net/cocoa/Specs/0/3/5/Firebase/6.7.0/Firebase.podspec.json
2025-09-05T19:03:14.6082760Z   CDN: trunk Redirecting from https://cdn.cocoapods.org/Specs/0/3/5/Firebase/6.29.0/Firebase.podspec.json to https://cdn.jsdelivr.net/cocoa/Specs/0/3/5/Firebase/6.29.0/Firebase.podspec.json
2025-09-05T19:03:14.6083730Z   CDN: trunk Redirecting from https://cdn.cocoapods.org/Specs/0/3/5/Firebase/3.5.0/Firebase.podspec.json to https://cdn.jsdelivr.net/cocoa/Specs/0/3/5/Firebase/3.5.0/Firebase.podspec.json
2025-09-05T19:03:14.6084720Z   CDN: trunk Redirecting from https://cdn.cocoapods.org/Specs/0/3/5/Firebase/3.7.0/Firebase.podspec.json to https://cdn.jsdelivr.net/cocoa/Specs/0/3/5/Firebase/3.7.0/Firebase.podspec.json
2025-09-05T19:03:14.6085710Z   CDN: trunk Redirecting from https://cdn.cocoapods.org/Specs/0/3/5/Firebase/6.27.0/Firebase.podspec.json to https://cdn.jsdelivr.net/cocoa/Specs/0/3/5/Firebase/6.27.0/Firebase.podspec.json
2025-09-05T19:03:14.6086730Z   CDN: trunk Redirecting from https://cdn.cocoapods.org/Specs/0/3/5/Firebase/3.8.0/Firebase.podspec.json to https://cdn.jsdelivr.net/cocoa/Specs/0/3/5/Firebase/3.8.0/Firebase.podspec.json
2025-09-05T19:03:14.6088620Z   CDN: trunk Redirecting from https://cdn.cocoapods.org/Specs/0/3/5/Firebase/4.0.0/Firebase.podspec.json to https://cdn.jsdelivr.net/cocoa/Specs/0/3/5/Firebase/4.0.0/Firebase.podspec.json
2025-09-05T19:03:14.6091690Z   CDN: trunk Redirecting from https://cdn.cocoapods.org/Specs/0/3/5/Firebase/3.5.1/Firebase.podspec.json to https://cdn.jsdelivr.net/cocoa/Specs/0/3/5/Firebase/3.5.1/Firebase.podspec.json
2025-09-05T19:03:14.6094450Z   CDN: trunk Redirecting from https://cdn.cocoapods.org/Specs/0/3/5/Firebase/3.2.1/Firebase.podspec.json to https://cdn.jsdelivr.net/cocoa/Specs/0/3/5/Firebase/3.2.1/Firebase.podspec.json
2025-09-05T19:03:14.6097080Z   CDN: trunk Redirecting from https://cdn.cocoapods.org/Specs/0/3/5/Firebase/4.0.4/Firebase.podspec.json to https://cdn.jsdelivr.net/cocoa/Specs/0/3/5/Firebase/4.0.4/Firebase.podspec.json
2025-09-05T19:03:14.6099600Z   CDN: trunk Redirecting from https://cdn.cocoapods.org/Specs/0/3/5/Firebase/3.17.0/Firebase.podspec.json to https://cdn.jsdelivr.net/cocoa/Specs/0/3/5/Firebase/3.17.0/Firebase.podspec.json
2025-09-05T19:03:14.6102330Z   CDN: trunk Redirecting from https://cdn.cocoapods.org/Specs/0/3/5/Firebase/4.11.0/Firebase.podspec.json to https://cdn.jsdelivr.net/cocoa/Specs/0/3/5/Firebase/4.11.0/Firebase.podspec.json
2025-09-05T19:03:14.6106060Z   CDN: trunk Redirecting from https://cdn.cocoapods.org/Specs/0/3/5/Firebase/3.9.0/Firebase.podspec.json to https://cdn.jsdelivr.net/cocoa/Specs/0/3/5/Firebase/3.9.0/Firebase.podspec.json
2025-09-05T19:03:14.6108690Z   CDN: trunk Redirecting from https://cdn.cocoapods.org/Specs/0/3/5/Firebase/4.10.1/Firebase.podspec.json to https://cdn.jsdelivr.net/cocoa/Specs/0/3/5/Firebase/4.10.1/Firebase.podspec.json
2025-09-05T19:03:14.6111310Z   CDN: trunk Redirecting from https://cdn.cocoapods.org/Specs/0/3/5/Firebase/4.10.0/Firebase.podspec.json to https://cdn.jsdelivr.net/cocoa/Specs/0/3/5/Firebase/4.10.0/Firebase.podspec.json
2025-09-05T19:03:14.6114020Z   CDN: trunk Redirecting from https://cdn.cocoapods.org/Specs/0/3/5/Firebase/4.13.0/Firebase.podspec.json to https://cdn.jsdelivr.net/cocoa/Specs/0/3/5/Firebase/4.13.0/Firebase.podspec.json
2025-09-05T19:03:14.6116690Z   CDN: trunk Redirecting from https://cdn.cocoapods.org/Specs/0/3/5/Firebase/4.12.0/Firebase.podspec.json to https://cdn.jsdelivr.net/cocoa/Specs/0/3/5/Firebase/4.12.0/Firebase.podspec.json
2025-09-05T19:03:14.6119320Z   CDN: trunk Redirecting from https://cdn.cocoapods.org/Specs/0/3/5/Firebase/6.8.0/Firebase.podspec.json to https://cdn.jsdelivr.net/cocoa/Specs/0/3/5/Firebase/6.8.0/Firebase.podspec.json
2025-09-05T19:03:14.6121910Z   CDN: trunk Redirecting from https://cdn.cocoapods.org/Specs/0/3/5/Firebase/4.2.0/Firebase.podspec.json to https://cdn.jsdelivr.net/cocoa/Specs/0/3/5/Firebase/4.2.0/Firebase.podspec.json
2025-09-05T19:03:14.6125040Z   CDN: trunk Redirecting from https://cdn.cocoapods.org/Specs/0/3/5/Firebase/5.0.0/Firebase.podspec.json to https://cdn.jsdelivr.net/cocoa/Specs/0/3/5/Firebase/5.0.0/Firebase.podspec.json
2025-09-05T19:03:14.6127620Z   CDN: trunk Redirecting from https://cdn.cocoapods.org/Specs/0/3/5/Firebase/4.8.0/Firebase.podspec.json to https://cdn.jsdelivr.net/cocoa/Specs/0/3/5/Firebase/4.8.0/Firebase.podspec.json
2025-09-05T19:03:14.6130210Z   CDN: trunk Redirecting from https://cdn.cocoapods.org/Specs/0/3/5/Firebase/5.1.0/Firebase.podspec.json to https://cdn.jsdelivr.net/cocoa/Specs/0/3/5/Firebase/5.1.0/Firebase.podspec.json
2025-09-05T19:03:14.6132770Z   CDN: trunk Redirecting from https://cdn.cocoapods.org/Specs/0/3/5/Firebase/5.10.0/Firebase.podspec.json to https://cdn.jsdelivr.net/cocoa/Specs/0/3/5/Firebase/5.10.0/Firebase.podspec.json
2025-09-05T19:03:14.6135410Z   CDN: trunk Redirecting from https://cdn.cocoapods.org/Specs/0/3/5/Firebase/5.12.0/Firebase.podspec.json to https://cdn.jsdelivr.net/cocoa/Specs/0/3/5/Firebase/5.12.0/Firebase.podspec.json
2025-09-05T19:03:14.6137930Z   CDN: trunk Redirecting from https://cdn.cocoapods.org/Specs/0/3/5/Firebase/4.9.0/Firebase.podspec.json to https://cdn.jsdelivr.net/cocoa/Specs/0/3/5/Firebase/4.9.0/Firebase.podspec.json
2025-09-05T19:03:15.6535000Z   CDN: trunk Redirecting from https://cdn.cocoapods.org/Specs/0/3/5/Firebase/5.13.0/Firebase.podspec.json to https://cdn.jsdelivr.net/cocoa/Specs/0/3/5/Firebase/5.13.0/Firebase.podspec.json
2025-09-05T19:03:15.6536140Z   CDN: trunk Redirecting from https://cdn.cocoapods.org/Specs/0/3/5/Firebase/5.14.0/Firebase.podspec.json to https://cdn.jsdelivr.net/cocoa/Specs/0/3/5/Firebase/5.14.0/Firebase.podspec.json
2025-09-05T19:03:15.6537100Z   CDN: trunk Redirecting from https://cdn.cocoapods.org/Specs/0/3/5/Firebase/5.4.0/Firebase.podspec.json to https://cdn.jsdelivr.net/cocoa/Specs/0/3/5/Firebase/5.4.0/Firebase.podspec.json
2025-09-05T19:03:15.6538100Z   CDN: trunk Redirecting from https://cdn.cocoapods.org/Specs/0/3/5/Firebase/5.8.1/Firebase.podspec.json to https://cdn.jsdelivr.net/cocoa/Specs/0/3/5/Firebase/5.8.1/Firebase.podspec.json
2025-09-05T19:03:15.6539550Z   CDN: trunk Redirecting from https://cdn.cocoapods.org/Specs/0/3/5/Firebase/5.6.0/Firebase.podspec.json to https://cdn.jsdelivr.net/cocoa/Specs/0/3/5/Firebase/5.6.0/Firebase.podspec.json
2025-09-05T19:03:15.6543240Z   CDN: trunk Redirecting from https://cdn.cocoapods.org/Specs/0/3/5/Firebase/5.8.0/Firebase.podspec.json to https://cdn.jsdelivr.net/cocoa/Specs/0/3/5/Firebase/5.8.0/Firebase.podspec.json
2025-09-05T19:03:15.6544980Z   CDN: trunk Redirecting from https://cdn.cocoapods.org/Specs/0/3/5/Firebase/5.5.0/Firebase.podspec.json to https://cdn.jsdelivr.net/cocoa/Specs/0/3/5/Firebase/5.5.0/Firebase.podspec.json
2025-09-05T19:03:15.6546160Z   CDN: trunk Redirecting from https://cdn.cocoapods.org/Specs/0/3/5/Firebase/5.2.0/Firebase.podspec.json to https://cdn.jsdelivr.net/cocoa/Specs/0/3/5/Firebase/5.2.0/Firebase.podspec.json
2025-09-05T19:03:15.6549260Z   CDN: trunk Redirecting from https://cdn.cocoapods.org/Specs/0/3/5/Firebase/5.20.1/Firebase.podspec.json to https://cdn.jsdelivr.net/cocoa/Specs/0/3/5/Firebase/5.20.1/Firebase.podspec.json
2025-09-05T19:03:15.6550400Z   CDN: trunk Redirecting from https://cdn.cocoapods.org/Specs/0/3/5/Firebase/5.16.0/Firebase.podspec.json to https://cdn.jsdelivr.net/cocoa/Specs/0/3/5/Firebase/5.16.0/Firebase.podspec.json
2025-09-05T19:03:15.6551720Z   CDN: trunk Redirecting from https://cdn.cocoapods.org/Specs/0/3/5/Firebase/6.11.0/Firebase.podspec.json to https://cdn.jsdelivr.net/cocoa/Specs/0/3/5/Firebase/6.11.0/Firebase.podspec.json
2025-09-05T19:03:15.6552680Z   CDN: trunk Redirecting from https://cdn.cocoapods.org/Specs/0/3/5/Firebase/6.21.0/Firebase.podspec.json to https://cdn.jsdelivr.net/cocoa/Specs/0/3/5/Firebase/6.21.0/Firebase.podspec.json
2025-09-05T19:03:15.6553900Z   CDN: trunk Redirecting from https://cdn.cocoapods.org/Specs/0/3/5/Firebase/4.0.3/Firebase.podspec.json to https://cdn.jsdelivr.net/cocoa/Specs/0/3/5/Firebase/4.0.3/Firebase.podspec.json
2025-09-05T19:03:15.6554820Z   CDN: trunk Redirecting from https://cdn.cocoapods.org/Specs/0/3/5/Firebase/4.5.0/Firebase.podspec.json to https://cdn.jsdelivr.net/cocoa/Specs/0/3/5/Firebase/4.5.0/Firebase.podspec.json
2025-09-05T19:03:15.6555900Z   CDN: trunk Redirecting from https://cdn.cocoapods.org/Specs/0/3/5/Firebase/4.7.0/Firebase.podspec.json to https://cdn.jsdelivr.net/cocoa/Specs/0/3/5/Firebase/4.7.0/Firebase.podspec.json
2025-09-05T19:03:15.6556940Z   CDN: trunk Redirecting from https://cdn.cocoapods.org/Specs/0/3/5/Firebase/5.20.2/Firebase.podspec.json to https://cdn.jsdelivr.net/cocoa/Specs/0/3/5/Firebase/5.20.2/Firebase.podspec.json
2025-09-05T19:03:15.6557810Z   CDN: trunk Redirecting from https://cdn.cocoapods.org/Specs/0/3/5/Firebase/6.4.0/Firebase.podspec.json to https://cdn.jsdelivr.net/cocoa/Specs/0/3/5/Firebase/6.4.0/Firebase.podspec.json
2025-09-05T19:03:15.6558680Z   CDN: trunk Redirecting from https://cdn.cocoapods.org/Specs/0/3/5/Firebase/4.1.0/Firebase.podspec.json to https://cdn.jsdelivr.net/cocoa/Specs/0/3/5/Firebase/4.1.0/Firebase.podspec.json
2025-09-05T19:03:15.6559580Z   CDN: trunk Redirecting from https://cdn.cocoapods.org/Specs/0/3/5/Firebase/4.3.0/Firebase.podspec.json to https://cdn.jsdelivr.net/cocoa/Specs/0/3/5/Firebase/4.3.0/Firebase.podspec.json
2025-09-05T19:03:15.6560450Z   CDN: trunk Redirecting from https://cdn.cocoapods.org/Specs/0/3/5/Firebase/6.28.1/Firebase.podspec.json to https://cdn.jsdelivr.net/cocoa/Specs/0/3/5/Firebase/6.28.1/Firebase.podspec.json
2025-09-05T19:03:15.6561330Z   CDN: trunk Redirecting from https://cdn.cocoapods.org/Specs/0/3/5/Firebase/6.25.0/Firebase.podspec.json to https://cdn.jsdelivr.net/cocoa/Specs/0/3/5/Firebase/6.25.0/Firebase.podspec.json
2025-09-05T19:03:15.6562130Z   CDN: trunk URL couldn't be downloaded: https://cdn.cocoapods.org/Specs/0/3/5/Firebase/4.1.1/Firebase.podspec.json Response: Timeout was reached, retries: 4
2025-09-05T19:03:15.6562860Z   CDN: trunk URL couldn't be downloaded: https://cdn.cocoapods.org/Specs/0/3/5/Firebase/5.0.1/Firebase.podspec.json Response: Timeout was reached, retries: 4
2025-09-05T19:03:15.6563630Z   CDN: trunk URL couldn't be downloaded: https://cdn.cocoapods.org/Specs/0/3/5/Firebase/5.17.0/Firebase.podspec.json Response: Timeout was reached, retries: 4
2025-09-05T19:03:15.6564340Z   CDN: trunk URL couldn't be downloaded: https://cdn.cocoapods.org/Specs/0/3/5/Firebase/5.7.0/Firebase.podspec.json Response: Timeout was reached, retries: 4
2025-09-05T19:03:15.6565200Z   CDN: trunk URL couldn't be downloaded: https://cdn.cocoapods.org/Specs/0/3/5/Firebase/6.10.0/Firebase.podspec.json Response: Timeout was reached, retries: 4
2025-09-05T19:03:15.6565930Z   CDN: trunk URL couldn't be downloaded: https://cdn.cocoapods.org/Specs/0/3/5/Firebase/6.13.0/Firebase.podspec.json Response: Timeout was reached, retries: 4
2025-09-05T19:03:15.6566680Z   CDN: trunk URL couldn't be downloaded: https://cdn.cocoapods.org/Specs/0/3/5/Firebase/6.18.0/Firebase.podspec.json Response: Timeout was reached, retries: 4
2025-09-05T19:03:15.6567550Z   CDN: trunk URL couldn't be downloaded: https://cdn.cocoapods.org/Specs/0/3/5/Firebase/6.34.0/Firebase.podspec.json Response: Timeout was reached, retries: 4
2025-09-05T19:03:15.6568230Z   CDN: trunk Relative path downloaded: Specs/0/3/5/Firebase/3.3.0/Firebase.podspec.json, save ETag: W/"bf8-YlAHHw4kQKXExnuMtrho+GgjesM"
2025-09-05T19:03:15.6568890Z   CDN: trunk Relative path downloaded: Specs/0/3/5/Firebase/3.4.0/Firebase.podspec.json, save ETag: W/"a6d-dUViVHr0GcwvSxUkf+5BkIGSS8I"
2025-09-05T19:03:15.6569520Z   CDN: trunk Relative path downloaded: Specs/0/3/5/Firebase/3.5.2/Firebase.podspec.json, save ETag: W/"a6e-lOYxEu/K11ImwDVqjzAyOXuFR8k"
2025-09-05T19:03:15.6570150Z   CDN: trunk Relative path downloaded: Specs/0/3/5/Firebase/6.0.0/Firebase.podspec.json, save ETag: W/"1836-+oC52YfKAUobqTV0lu8qAXiyixI"
2025-09-05T19:03:15.6570980Z   CDN: trunk Relative path downloaded: Specs/0/3/5/Firebase/6.1.0/Firebase.podspec.json, save ETag: W/"1836-jXe7M2JK6bYtdF2C7AI95fcPfk8"
2025-09-05T19:03:15.6571670Z   CDN: trunk Relative path downloaded: Specs/0/3/5/Firebase/6.12.0/Firebase.podspec.json, save ETag: W/"1ee6-2gMbxwEjdOO+0XpnMbiTJ7KYY7k"
2025-09-05T19:03:15.6572310Z   CDN: trunk Relative path downloaded: Specs/0/3/5/Firebase/6.14.0/Firebase.podspec.json, save ETag: W/"1ee7-Ahm7R4LrFAbxubBiii5iVITOkQ0"
2025-09-05T19:03:15.6572940Z   CDN: trunk Relative path downloaded: Specs/0/3/5/Firebase/6.15.0/Firebase.podspec.json, save ETag: W/"1fa2-XXcQXZdAoHymsWknypcdt+hg+q8"
2025-09-05T19:03:15.6573580Z   CDN: trunk Relative path downloaded: Specs/0/3/5/Firebase/6.17.0/Firebase.podspec.json, save ETag: W/"2104-JnLlY2tC+XcXdxYxfmg0auXp3iU"
2025-09-05T19:03:15.6574210Z   CDN: trunk Relative path downloaded: Specs/0/3/5/Firebase/6.19.0/Firebase.podspec.json, save ETag: W/"2181-1V3bDguzIHFmzdwChkeDPYobW28"
2025-09-05T19:03:15.6576530Z   CDN: trunk Relative path downloaded: Specs/0/3/5/Firebase/6.2.0/Firebase.podspec.json, save ETag: W/"1836-WWW6wj5/y1+m2SbtQpyezviiAU4"
2025-09-05T19:03:15.6577190Z   CDN: trunk Relative path downloaded: Specs/0/3/5/Firebase/6.20.0/Firebase.podspec.json, save ETag: W/"2181-/n90ASdCq0A0Ud0oPmkJuPH7NIo"
2025-09-05T19:03:15.6577820Z   CDN: trunk Relative path downloaded: Specs/0/3/5/Firebase/6.22.0/Firebase.podspec.json, save ETag: W/"214d-MvlSBoTofHrz8HBPf4gEJibWtTY"
2025-09-05T19:03:15.6578440Z   CDN: trunk Relative path downloaded: Specs/0/3/5/Firebase/6.23.0/Firebase.podspec.json, save ETag: W/"2146-WFrkZ7Pt2mpUROeI/aaIjwJNjW8"
2025-09-05T19:03:15.6579070Z   CDN: trunk Relative path downloaded: Specs/0/3/5/Firebase/6.24.0/Firebase.podspec.json, save ETag: W/"2147-so5Vxg79mJY82QEf4vrFoQwroSQ"
2025-09-05T19:03:15.6579690Z   CDN: trunk Relative path downloaded: Specs/0/3/5/Firebase/6.26.0/Firebase.podspec.json, save ETag: W/"2146-fPX5xn8DyztgbR1lNShuEIDlfrY"
2025-09-05T19:03:15.6580330Z   CDN: trunk Relative path downloaded: Specs/0/3/5/Firebase/6.27.1/Firebase.podspec.json, save ETag: W/"2150-kZGGyOEZ3ZNypF/R3ReoqUK8GJI"
2025-09-05T19:03:15.6580950Z   CDN: trunk Relative path downloaded: Specs/0/3/5/Firebase/6.28.0/Firebase.podspec.json, save ETag: W/"214f-3IHGxHAaqWXto7FDPRuZPj8pHns"
2025-09-05T19:03:15.6581570Z   CDN: trunk Relative path downloaded: Specs/0/3/5/Firebase/6.3.0/Firebase.podspec.json, save ETag: W/"1836-hDLXMpdEmK/VmH6QAaBfkPGj1iU"
2025-09-05T19:03:15.6582180Z   CDN: trunk Relative path downloaded: Specs/0/3/5/Firebase/6.30.0/Firebase.podspec.json, save ETag: W/"2150-IQ9ByjUgZ9g7G6T9Ln+0mgwBc5c"
2025-09-05T19:03:15.6582920Z   CDN: trunk Relative path downloaded: Specs/0/3/5/Firebase/6.31.0/Firebase.podspec.json, save ETag: W/"2281-h0g/oZrP35kkRSPyOJ6TGSe5FFc"
2025-09-05T19:03:15.6583550Z   CDN: trunk Relative path downloaded: Specs/0/3/5/Firebase/6.31.1/Firebase.podspec.json, save ETag: W/"2281-ZYNw+gGBgmp0t8/KjWjFhWynSa4"
2025-09-05T19:03:15.6768180Z   CDN: trunk Relative path downloaded: Specs/0/3/5/Firebase/6.32.0/Firebase.podspec.json, save ETag: W/"2281-r6Aw8X9UIYEPN5pCsOXTMC0n6yY"
2025-09-05T19:03:15.6769110Z   CDN: trunk Relative path downloaded: Specs/0/3/5/Firebase/6.6.0/Firebase.podspec.json, save ETag: W/"1836-orWVHzD/OP07O9rpx9NA+UD9PFE"
2025-09-05T19:03:15.6769760Z   CDN: trunk Relative path downloaded: Specs/0/3/5/Firebase/6.8.1/Firebase.podspec.json, save ETag: W/"1737-nL5OW16q+gXckyvli3yMOCDXHog"
2025-09-05T19:03:15.6770420Z   CDN: trunk Relative path downloaded: Specs/0/3/5/Firebase/6.9.0/Firebase.podspec.json, save ETag: W/"1737-LXUMVM2lfVpq4xISz+XMgTxr5+Q"
2025-09-05T19:03:15.6771100Z   CDN: trunk Relative path downloaded: Specs/0/3/5/Firebase/7.0.0/Firebase.podspec.json, save ETag: W/"178f-UL5oQW9Q606y7LDnisq5oFHvld8"
2025-09-05T19:03:15.6771840Z   CDN: trunk Relative path downloaded: Specs/0/3/5/Firebase/7.1.0/Firebase.podspec.json, save ETag: W/"178f-eOjdLjnWU95icEMq2E/otZ979Og"
2025-09-05T19:03:15.6772460Z   CDN: trunk Relative path downloaded: Specs/0/3/5/Firebase/7.10.0/Firebase.podspec.json, save ETag: W/"18db-//3dC6uGd9BzdlODZfqpP/OImzk"
2025-09-05T19:03:15.6773700Z   CDN: trunk Relative path downloaded: Specs/0/3/5/Firebase/7.11.0/Firebase.podspec.json, save ETag: W/"1c50-wSH+s15BJsCzVeMxP6m0h9RzGf0"
2025-09-05T19:03:15.6774380Z   CDN: trunk Relative path downloaded: Specs/0/3/5/Firebase/7.2.0/Firebase.podspec.json, save ETag: W/"178f-RW7qzBWNjFhYa3hxYZqBu58n1K4"
2025-09-05T19:03:15.6775130Z   CDN: trunk Relative path downloaded: Specs/0/3/5/Firebase/7.2.0-M1/Firebase.podspec.json, save ETag: W/"1796-dpAbhnOkT38mb3weNtSM1E3oNMI"
2025-09-05T19:03:15.6775790Z   CDN: trunk Relative path downloaded: Specs/0/3/5/Firebase/7.3.0/Firebase.podspec.json, save ETag: W/"178f-JiI8aV/jImMydBmMsZ3KjLflRBY"
2025-09-05T19:03:15.6776460Z   CDN: trunk Relative path downloaded: Specs/0/3/5/Firebase/7.3.0-M1/Firebase.podspec.json, save ETag: W/"1796-Pl5eVWpbosIoLomQXjOjABIvTK8"
2025-09-05T19:03:15.6777110Z   CDN: trunk Relative path downloaded: Specs/0/3/5/Firebase/7.4.0/Firebase.podspec.json, save ETag: W/"178f-CftAKHtt/I7mX3JvoLeIcZ0/Kgc"
2025-09-05T19:03:15.6777760Z   CDN: trunk Relative path downloaded: Specs/0/3/5/Firebase/7.4.0-M1/Firebase.podspec.json, save ETag: W/"1796-jj7RHRPbTxnyebAkoVMJ0aBQcZE"
2025-09-05T19:03:15.6778560Z   CDN: trunk Relative path downloaded: Specs/0/3/5/Firebase/7.5.0/Firebase.podspec.json, save ETag: W/"17bf-/V5NK3Viksbn7m+qwesyAiXW6X4"
2025-09-05T19:03:15.6779190Z   CDN: trunk Relative path downloaded: Specs/0/3/5/Firebase/7.6.0/Firebase.podspec.json, save ETag: W/"17bf-4eCJ2arCFaUkQlg/gYq2HePEWBs"
2025-09-05T19:03:15.6779810Z   CDN: trunk Relative path downloaded: Specs/0/3/5/Firebase/7.7.0/Firebase.podspec.json, save ETag: W/"18c6-zSq4XuyBcNwmAYYVnyEHLstnmtU"
2025-09-05T19:03:15.6780550Z   CDN: trunk Relative path downloaded: Specs/0/3/5/Firebase/7.8.0/Firebase.podspec.json, save ETag: W/"18c6-Hg1mEPIb3RMSMVJdfuePf55k5gY"
2025-09-05T19:03:15.6781180Z   CDN: trunk Relative path downloaded: Specs/0/3/5/Firebase/7.8.1/Firebase.podspec.json, save ETag: W/"18c6-1ZrUEpFn+fDSpPbB8MRiJUtgAsg"
2025-09-05T19:03:15.6782820Z   CDN: trunk Relative path downloaded: Specs/0/3/5/Firebase/7.9.0/Firebase.podspec.json, save ETag: W/"18c8-2L1r00tMftV7/dBWxm/1rc3eU6s"
2025-09-05T19:03:15.6788120Z   CDN: trunk Relative path downloaded: Specs/0/3/5/Firebase/7.9.0-k1/Firebase.podspec.json, save ETag: W/"18ce-xm/J/28a0TVgLTqJGP8GBLKKOh8"
2025-09-05T19:03:15.6790030Z   CDN: trunk Relative path downloaded: Specs/0/3/5/Firebase/7.9.0-k2/Firebase.podspec.json, save ETag: W/"18cb-hSNXJETI89lFCp3BasryAp7kbYI"
2025-09-05T19:03:15.6791860Z   CDN: trunk Relative path downloaded: Specs/0/3/5/Firebase/8.0.0/Firebase.podspec.json, save ETag: W/"197e-c8PjshbsHsvFTS/91GcMZcdJ7bE"
2025-09-05T19:03:15.6794320Z   CDN: trunk Relative path downloaded: Specs/0/3/5/Firebase/8.1.0/Firebase.podspec.json, save ETag: W/"197e-tZVqzdqqU6bCkr7ABkn63Rg2c0Q"
2025-09-05T19:03:15.6796090Z   CDN: trunk Relative path downloaded: Specs/0/3/5/Firebase/8.1.1/Firebase.podspec.json, save ETag: W/"197e-S7Sa6HdWA0zvhw+jxABiNetG9HU"
2025-09-05T19:03:15.6797510Z   CDN: trunk Relative path downloaded: Specs/0/3/5/Firebase/8.10.0/Firebase.podspec.json, save ETag: W/"1b69-RCEzYvHcxSVVuTXckl7TWsVfGyA"
2025-09-05T19:03:15.6798210Z   CDN: trunk Relative path downloaded: Specs/0/3/5/Firebase/8.11.0/Firebase.podspec.json, save ETag: W/"1b41-RN2XJMhN8YtIZjnodPMUNuqpogw"
2025-09-05T19:03:15.6798840Z   CDN: trunk Relative path downloaded: Specs/0/3/5/Firebase/8.12.1/Firebase.podspec.json, save ETag: W/"1b41-WA0J6O2vwwc+vwnAP9QuTYDTX+k"
2025-09-05T19:03:15.6799470Z   CDN: trunk Relative path downloaded: Specs/0/3/5/Firebase/8.13.0/Firebase.podspec.json, save ETag: W/"1b41-7psdmxgBNx4p9Vke2onrWjFKtZk"
2025-09-05T19:03:15.6800110Z   CDN: trunk Relative path downloaded: Specs/0/3/5/Firebase/8.14.0/Firebase.podspec.json, save ETag: W/"1b41-fo/lKMFhuScdNlIXp0wWqvg0V44"
2025-09-05T19:03:15.6803090Z   CDN: trunk Relative path downloaded: Specs/0/3/5/Firebase/8.15.0/Firebase.podspec.json, save ETag: W/"1b41-X4GT3/S1t8XV73KuVLt2wI4rhB0"
2025-09-05T19:03:15.6804290Z   CDN: trunk Relative path downloaded: Specs/0/3/5/Firebase/8.2.0/Firebase.podspec.json, save ETag: W/"197e-EsVoiXuAcyGWTonSsmPvTGz/PbY"
2025-09-05T19:03:15.6807090Z   CDN: trunk Relative path downloaded: Specs/0/3/5/Firebase/8.3.0/Firebase.podspec.json, save ETag: W/"193d-gXuRcdDVHczEWLlKXo7f9rHdMj0"
2025-09-05T19:03:15.6809370Z   CDN: trunk Relative path downloaded: Specs/0/3/5/Firebase/8.4.0/Firebase.podspec.json, save ETag: W/"193d-VM3IvJybPeVPQ9q4bmL1p2tHA08"
2025-09-05T19:03:15.6811430Z   CDN: trunk Relative path downloaded: Specs/0/3/5/Firebase/8.5.0/Firebase.podspec.json, save ETag: W/"193d-/4xzEFuQ4z4dxsjlRF163CzNx8E"
2025-09-05T19:03:15.6813450Z   CDN: trunk Relative path downloaded: Specs/0/3/5/Firebase/8.6.0/Firebase.podspec.json, save ETag: W/"19c0-IayfKLCai9/ABfNMmE/KhOfoeG0"
2025-09-05T19:03:15.6817880Z   CDN: trunk Relative path downloaded: Specs/0/3/5/Firebase/8.6.1/Firebase.podspec.json, save ETag: W/"19c0-6E2V9tOpH2NKvDhPB1HENMs67Po"
2025-09-05T19:03:15.6820050Z   CDN: trunk Relative path downloaded: Specs/0/3/5/Firebase/8.7.0/Firebase.podspec.json, save ETag: W/"19c0-vJMl1e4gQVJLrHilIT0OUwxlEwk"
2025-09-05T19:03:15.6822030Z   CDN: trunk Relative path downloaded: Specs/0/3/5/Firebase/8.8.0/Firebase.podspec.json, save ETag: W/"19c0-YpUQ8andsjXzp8XIzrI7qIfw+BQ"
2025-09-05T19:03:15.6823910Z   CDN: trunk Relative path downloaded: Specs/0/3/5/Firebase/8.9.0/Firebase.podspec.json, save ETag: W/"1b51-E9jZZJniY1Qo1b8OxnXfIfldmpU"
2025-09-05T19:03:15.6828150Z   CDN: trunk Relative path downloaded: Specs/0/3/5/Firebase/8.9.1/Firebase.podspec.json, save ETag: W/"1b51-+1EUzSv5bi/3vLAdDZoVbPX9Lwc"
2025-09-05T19:03:15.6830160Z   CDN: trunk Relative path downloaded: Specs/0/3/5/Firebase/9.0.0/Firebase.podspec.json, save ETag: W/"1b5d-qHb63F6mU6N3aTN2/U+IXGJwRRI"
2025-09-05T19:03:15.6832510Z   CDN: trunk Relative path downloaded: Specs/0/3/5/Firebase/9.1.0/Firebase.podspec.json, save ETag: W/"1b20-kcJD11VzrG58lzXshZtyv/thNH0"
2025-09-05T19:03:15.6833260Z   CDN: trunk Relative path downloaded: Specs/0/3/5/Firebase/9.2.0/Firebase.podspec.json, save ETag: W/"1b20-S6iWy45RBdS54kfhwbYiK1SN9Vo"
2025-09-05T19:03:15.6834080Z   CDN: trunk Relative path downloaded: Specs/0/3/5/Firebase/9.3.0/Firebase.podspec.json, save ETag: W/"1b20-73Wrsc28dG1aOPTibEIsgHsYm4w"
2025-09-05T19:03:15.6834810Z   CDN: trunk Relative path downloaded: Specs/0/3/5/Firebase/9.4.0/Firebase.podspec.json, save ETag: W/"1b20-dwP8QCKCS21tsb976ljRO44X7EY"
2025-09-05T19:03:15.6835520Z   CDN: trunk Relative path downloaded: Specs/0/3/5/Firebase/9.5.0/Firebase.podspec.json, save ETag: W/"1b20-gA8W8Hr0k9mNAXRGoxXCevBVL0E"
2025-09-05T19:03:15.6836550Z   CDN: trunk Relative path downloaded: Specs/0/3/5/Firebase/9.6.0/Firebase.podspec.json, save ETag: W/"1b20-Wui3z4785VmmU67wrZW6s/Qnw1E"
2025-09-05T19:03:15.6837250Z   CDN: trunk Relative path downloaded: Specs/0/3/5/Firebase/3.16.0/Firebase.podspec.json, save ETag: W/"a4b-Ib9KidPwG/vhGtw6XZNKSj06X9Y"
2025-09-05T19:03:15.6837960Z   CDN: trunk Relative path downloaded: Specs/0/3/5/Firebase/6.7.0/Firebase.podspec.json, save ETag: W/"1836-KR17Cns5PyUjWAg7XSJIhBJvpG0"
2025-09-05T19:03:15.6845980Z   CDN: trunk Relative path downloaded: Specs/0/3/5/Firebase/6.29.0/Firebase.podspec.json, save ETag: W/"214f-V5V8jW6z2LgKVgsdxYviRyS4n/I"
2025-09-05T19:03:15.6846620Z   CDN: trunk Relative path downloaded: Specs/0/3/5/Firebase/3.5.0/Firebase.podspec.json, save ETag: W/"a6e-zIL0zBl5tUsbhaAsEybhWkr9OMI"
2025-09-05T19:03:15.6847240Z   CDN: trunk Relative path downloaded: Specs/0/3/5/Firebase/3.7.0/Firebase.podspec.json, save ETag: W/"a49-OHXhQNd8dXLG1IUvr5QUT/zbBwQ"
2025-09-05T19:03:15.6847870Z   CDN: trunk Relative path downloaded: Specs/0/3/5/Firebase/6.27.0/Firebase.podspec.json, save ETag: W/"2150-/Ey/bxWSY2Qxgh75o8VX5N/Z8mg"
2025-09-05T19:03:15.6848490Z   CDN: trunk Relative path downloaded: Specs/0/3/5/Firebase/3.8.0/Firebase.podspec.json, save ETag: W/"a49-/b7K23tcvvJ3SFLU+mWbna8R8q8"
2025-09-05T19:03:15.6849160Z   CDN: trunk Relative path downloaded: Specs/0/3/5/Firebase/4.0.0/Firebase.podspec.json, save ETag: W/"a49-KE7qd5tz/f8wl5GBfafGi/+N1XI"
2025-09-05T19:03:15.6850170Z   CDN: trunk Relative path downloaded: Specs/0/3/5/Firebase/3.5.1/Firebase.podspec.json, save ETag: W/"a70-mz7e/69g1W43fcUoHpHEupNaWtk"
2025-09-05T19:03:15.6850850Z   CDN: trunk Relative path downloaded: Specs/0/3/5/Firebase/3.2.1/Firebase.podspec.json, save ETag: W/"bf8-bICsKNWdBr/ZFSp7bqF2JcqTGD0"
2025-09-05T19:03:15.6851510Z   CDN: trunk Relative path downloaded: Specs/0/3/5/Firebase/1.0.0/Firebase.podspec.json, save ETag: W/"2f9-tp0Vz9ZjceK3a1goO6x8PlQiNXw"
2025-09-05T19:03:15.6852160Z   CDN: trunk Relative path downloaded: Specs/0/3/5/Firebase/3.6.0/Firebase.podspec.json, save ETag: W/"a6d-NBhyAO9JedvUhceqaF7weL9YfIY"
2025-09-05T19:03:15.7066730Z   CDN: trunk Relative path downloaded: Specs/0/3/5/Firebase/3.7.1/Firebase.podspec.json, save ETag: W/"a49-vkc0hPDVFecv/QSs8i+YF3PCPlg"
2025-09-05T19:03:15.7067470Z   CDN: trunk Relative path downloaded: Specs/0/3/5/Firebase/4.0.1/Firebase.podspec.json, save ETag: W/"a49-+YTNRKFgvnetBZD0MuV0Viv9QIM"
2025-09-05T19:03:15.7068190Z   CDN: trunk Relative path downloaded: Specs/0/3/5/Firebase/4.0.2/Firebase.podspec.json, save ETag: W/"a49-x60HMeqybRij/FR90Eiw982cY64"
2025-09-05T19:03:15.7068920Z   CDN: trunk Relative path downloaded: Specs/0/3/5/Firebase/4.4.0/Firebase.podspec.json, save ETag: W/"add-PpKISmPo920QfEOmfSq5Bx4e2hA"
2025-09-05T19:03:15.7069620Z   CDN: trunk Relative path downloaded: Specs/0/3/5/Firebase/4.6.0/Firebase.podspec.json, save ETag: W/"b72-JzIaklqoVSBhglWnxjCFngUCzL0"
2025-09-05T19:03:15.7070290Z   CDN: trunk Relative path downloaded: Specs/0/3/5/Firebase/4.8.2/Firebase.podspec.json, save ETag: W/"b73-fTuM2Detn805FldzTA1W2rjppaM"
2025-09-05T19:03:15.7071020Z   CDN: trunk Relative path downloaded: Specs/0/3/5/Firebase/5.11.0/Firebase.podspec.json, save ETag: W/"1277-tI+eZT2pcezOW4x0loS8i7LSa9M"
2025-09-05T19:03:15.7071730Z   CDN: trunk Relative path downloaded: Specs/0/3/5/Firebase/5.15.0/Firebase.podspec.json, save ETag: W/"13e1-i7kmi/+CN08suqq7FD5yV0PDFq4"
2025-09-05T19:03:15.7072490Z   CDN: trunk Relative path downloaded: Specs/0/3/5/Firebase/5.18.0/Firebase.podspec.json, save ETag: W/"1595-AvMoGWXAdUJhQaDOEnfp3mZJyrk"
2025-09-05T19:03:15.7073170Z   CDN: trunk Relative path downloaded: Specs/0/3/5/Firebase/5.19.0/Firebase.podspec.json, save ETag: W/"166b-xg1J6cJjCHWpYgfRXir/uDZJltE"
2025-09-05T19:03:15.7073850Z   CDN: trunk Relative path downloaded: Specs/0/3/5/Firebase/5.20.0/Firebase.podspec.json, save ETag: W/"166b-UJDaS7gpABeQBBM7srIXiRk4f9k"
2025-09-05T19:03:15.7074780Z   CDN: trunk Relative path downloaded: Specs/0/3/5/Firebase/5.3.0/Firebase.podspec.json, save ETag: W/"1120-aK/usFRh2wLXyeMhXNooBoZw9Ko"
2025-09-05T19:03:15.7075750Z   CDN: trunk Relative path downloaded: Specs/0/3/5/Firebase/5.4.1/Firebase.podspec.json, save ETag: W/"1120-NVvVNb/ayqgqf+jZeEEV7e/W/AM"
2025-09-05T19:03:15.7076410Z   CDN: trunk Relative path downloaded: Specs/0/3/5/Firebase/5.9.0/Firebase.podspec.json, save ETag: W/"1275-OD+imsqT43HKt3a0ilxmVE08IAM"
2025-09-05T19:03:15.7077050Z   CDN: trunk Relative path downloaded: Specs/0/3/5/Firebase/6.16.0/Firebase.podspec.json, save ETag: W/"2009-SXFYuBbQqG/DG6u9BVRvzX5gg/8"
2025-09-05T19:03:15.7077700Z   CDN: trunk Relative path downloaded: Specs/0/3/5/Firebase/6.32.2/Firebase.podspec.json, save ETag: W/"2281-RxdigL+6GY5TH5Cc+xYS2tIWy5Y"
2025-09-05T19:03:15.7078360Z   CDN: trunk Relative path downloaded: Specs/0/3/5/Firebase/1.0.5/Firebase.podspec.json, save ETag: W/"2fa-iMJUh58QPEsWhnN2XrkfhMMB5aY"
2025-09-05T19:03:15.7079020Z   CDN: trunk Relative path downloaded: Specs/0/3/5/Firebase/1.0.7/Firebase.podspec.json, save ETag: W/"2fa-m1UCrMFJPAqm+4YnzTBAyR2Wwd4"
2025-09-05T19:03:15.7079680Z   CDN: trunk Relative path downloaded: Specs/0/3/5/Firebase/1.0.9/Firebase.podspec.json, save ETag: W/"2fa-juQYXf6YkRMOkKA55BKVOrHB+ew"
2025-09-05T19:03:15.7080350Z   CDN: trunk Relative path downloaded: Specs/0/3/5/Firebase/1.1.0/Firebase.podspec.json, save ETag: W/"2fa-r9p3eafMobrfqTt89VwGLZ8On1c"
2025-09-05T19:03:15.7081030Z   CDN: trunk Relative path downloaded: Specs/0/3/5/Firebase/1.1.1/Firebase.podspec.json, save ETag: W/"30f-rAKYceglOy+abvOsCfs51nnFt6A"
2025-09-05T19:03:15.7081870Z   CDN: trunk Relative path downloaded: Specs/0/3/5/Firebase/1.1.10/Firebase.podspec.json, save ETag: W/"33f-SVgg6U+tsKn5KwTpKzeT1XH03ok"
2025-09-05T19:03:15.7082560Z   CDN: trunk Relative path downloaded: Specs/0/3/5/Firebase/1.1.11/Firebase.podspec.json, save ETag: W/"33f-6mB4VnwP87Fdkb9OQzskuou71W4"
2025-09-05T19:03:15.7083310Z   CDN: trunk Relative path downloaded: Specs/0/3/5/Firebase/1.1.12/Firebase.podspec.json, save ETag: W/"33f-O2bmBh+2DxT7EzdRGv60QLbhZf4"
2025-09-05T19:03:15.7083960Z   CDN: trunk Relative path downloaded: Specs/0/3/5/Firebase/1.1.2/Firebase.podspec.json, save ETag: W/"30f-MVZIcJ2eLF9h+4HmQjqb5vzHYdY"
2025-09-05T19:03:15.7084870Z   CDN: trunk Relative path downloaded: Specs/0/3/5/Firebase/1.1.3/Firebase.podspec.json, save ETag: W/"322-z9o7DI1xtX4+ETSPv7J9nw0vF1s"
2025-09-05T19:03:15.7085540Z   CDN: trunk Relative path downloaded: Specs/0/3/5/Firebase/1.1.4/Firebase.podspec.json, save ETag: W/"322-mgOO2LHudKipWx0oGl6JvjFSPaU"
2025-09-05T19:03:15.7086250Z   CDN: trunk Relative path downloaded: Specs/0/3/5/Firebase/1.1.5/Firebase.podspec.json, save ETag: W/"322-D+TEDiL4eGjyeFtgNxSmNG7whec"
2025-09-05T19:03:15.7086920Z   CDN: trunk Relative path downloaded: Specs/0/3/5/Firebase/1.1.6/Firebase.podspec.json, save ETag: W/"33d-mkGLO0uf7k3nDI/vOL9GwCUPgXc"
2025-09-05T19:03:15.7087610Z   CDN: trunk Relative path downloaded: Specs/0/3/5/Firebase/1.1.7/Firebase.podspec.json, save ETag: W/"33d-D5mBOurRQNVOJ2V9Bb8tJyK5R5g"
2025-09-05T19:03:15.7088280Z   CDN: trunk Relative path downloaded: Specs/0/3/5/Firebase/1.1.9/Firebase.podspec.json, save ETag: W/"33d-CmGtBJEwHDfeUUOSxsyBIxAzuKE"
2025-09-05T19:03:15.7088930Z   CDN: trunk Relative path downloaded: Specs/0/3/5/Firebase/1.2.0/Firebase.podspec.json, save ETag: W/"33d-ij7dHf0IJzJWkGOKdGc6S01N1y8"
2025-09-05T19:03:15.7089600Z   CDN: trunk Relative path downloaded: Specs/0/3/5/Firebase/1.2.1/Firebase.podspec.json, save ETag: W/"33d-jxFcH078PLWCEAkPJclcr3zfKVU"
2025-09-05T19:03:15.7090250Z   CDN: trunk Relative path downloaded: Specs/0/3/5/Firebase/1.2.2/Firebase.podspec.json, save ETag: W/"33d-2+6XJcApa5MvOmNEAiwPBJwrFd8"
2025-09-05T19:03:15.7090920Z   CDN: trunk Relative path downloaded: Specs/0/3/5/Firebase/1.2.3/Firebase.podspec.json, save ETag: W/"33d-ehtqCEhGc0hnKv6/swbGJKNRDwQ"
2025-09-05T19:03:15.7091590Z   CDN: trunk Relative path downloaded: Specs/0/3/5/Firebase/10.0.0/Firebase.podspec.json, save ETag: W/"1d9b-G4EPPQwFMuJ6SPGWH4wEAKZoos8"
2025-09-05T19:03:15.7092250Z   CDN: trunk Relative path downloaded: Specs/0/3/5/Firebase/10.1.0/Firebase.podspec.json, save ETag: W/"1d9b-REs1qcVopRZmYhPC9szNEMsSVZ8"
2025-09-05T19:03:15.7093030Z   CDN: trunk Relative path downloaded: Specs/0/3/5/Firebase/10.10.0/Firebase.podspec.json, save ETag: W/"1db3-+s0zTlV6l5vQOgtY2Q/Va1K4q6A"
2025-09-05T19:03:15.7093660Z   CDN: trunk Relative path downloaded: Specs/0/3/5/Firebase/10.11.0/Firebase.podspec.json, save ETag: W/"1db3-MdlXXBJIOftavA2205URzB2rG4U"
2025-09-05T19:03:15.7106760Z   CDN: trunk Relative path downloaded: Specs/0/3/5/Firebase/10.12.0/Firebase.podspec.json, save ETag: W/"1db3-BxUOddFC+5OZ9nd/pWoYexf4M6A"
2025-09-05T19:03:15.7107490Z   CDN: trunk Relative path downloaded: Specs/0/3/5/Firebase/10.13.0/Firebase.podspec.json, save ETag: W/"1e40-ND11Ob77YU0isuriR1n2MHsRdek"
2025-09-05T19:03:15.7108790Z   CDN: trunk Relative path downloaded: Specs/0/3/5/Firebase/10.14.0/Firebase.podspec.json, save ETag: W/"1e40-bBvz9TS8Qi1Sry5B/g1Qvwi2t3M"
2025-09-05T19:03:15.7109480Z   CDN: trunk Relative path downloaded: Specs/0/3/5/Firebase/10.15.0/Firebase.podspec.json, save ETag: W/"1e40-ZgQ71FeeW3OBH5aCnGlMevjWdDU"
2025-09-05T19:03:15.7110150Z   CDN: trunk Relative path downloaded: Specs/0/3/5/Firebase/10.16.0/Firebase.podspec.json, save ETag: W/"1e40-JYmQmbd9JVpjbjV5w9nc4Q7BUNU"
2025-09-05T19:03:15.7110870Z   CDN: trunk Relative path downloaded: Specs/0/3/5/Firebase/10.17.0/Firebase.podspec.json, save ETag: W/"1e40-9KwLApJ6+SU64JTSPe7PCJDac3Q"
2025-09-05T19:03:15.7111570Z   CDN: trunk Relative path downloaded: Specs/0/3/5/Firebase/10.18.0/Firebase.podspec.json, save ETag: W/"1e40-QUrScvjQLfvxJmKp1D9LupvsKgY"
2025-09-05T19:03:15.7112570Z   CDN: trunk Relative path downloaded: Specs/0/3/5/Firebase/10.19.0/Firebase.podspec.json, save ETag: W/"1e40-Y86Ozg1DdD3CjqysDGhnotf9Wp0"
2025-09-05T19:03:15.7113320Z   CDN: trunk Relative path downloaded: Specs/0/3/5/Firebase/10.2.0/Firebase.podspec.json, save ETag: W/"1d9b-o+p+ukOCr9g4CDdu25ms2v8Hjc8"
2025-09-05T19:03:15.7114070Z   CDN: trunk Relative path downloaded: Specs/0/3/5/Firebase/10.20.0/Firebase.podspec.json, save ETag: W/"1e40-EMjLEvt60q4MCf/IbNnBqzkqADE"
2025-09-05T19:03:15.7114730Z   CDN: trunk Relative path downloaded: Specs/0/3/5/Firebase/10.21.0/Firebase.podspec.json, save ETag: W/"1e41-RFO3mfcvYlOE3CP0EtO+krDjsqA"
2025-09-05T19:03:15.7115420Z   CDN: trunk Relative path downloaded: Specs/0/3/5/Firebase/10.22.0/Firebase.podspec.json, save ETag: W/"1e41-eX/XKXt+G+lUQydDoLP5ADjkWnE"
2025-09-05T19:03:15.7116130Z   CDN: trunk Relative path downloaded: Specs/0/3/5/Firebase/10.23.0/Firebase.podspec.json, save ETag: W/"1e41-Mz7HxrEvoJx3tRYs2muGIQIhHVA"
2025-09-05T19:03:15.7116820Z   CDN: trunk Relative path downloaded: Specs/0/3/5/Firebase/10.23.1/Firebase.podspec.json, save ETag: W/"1e41-zwliP5iuJaOtSE4jx+Dl9GQVLYA"
2025-09-05T19:03:15.7117520Z   CDN: trunk Relative path downloaded: Specs/0/3/5/Firebase/10.24.0/Firebase.podspec.json, save ETag: W/"1e41-kf79OHEv65GG6omWr2y970FHNEI"
2025-09-05T19:03:15.7118200Z   CDN: trunk Relative path downloaded: Specs/0/3/5/Firebase/10.25.0/Firebase.podspec.json, save ETag: W/"1e41-AxKiNSWE94LqVvZtkWBokdRgfwY"
2025-09-05T19:03:15.7118860Z   CDN: trunk Relative path downloaded: Specs/0/3/5/Firebase/10.27.0/Firebase.podspec.json, save ETag: W/"1e41-JrBAsghmpV9V6zYRufzzrmSBa4Y"
2025-09-05T19:03:15.7119520Z   CDN: trunk Relative path downloaded: Specs/0/3/5/Firebase/10.28.0/Firebase.podspec.json, save ETag: W/"1e41-USHGJBIa+By8gd872kFLPCjE88M"
2025-09-05T19:03:15.7120270Z   CDN: trunk Relative path downloaded: Specs/0/3/5/Firebase/10.28.1/Firebase.podspec.json, save ETag: W/"1e41-SeYiQrOuQioAKrZHp+YqMyqMPsE"
2025-09-05T19:03:15.7120930Z   CDN: trunk Relative path downloaded: Specs/0/3/5/Firebase/10.29.0/Firebase.podspec.json, save ETag: W/"1e41-zskU2rb9exvYq1bqB85OA90lHC0"
2025-09-05T19:03:15.7121580Z   CDN: trunk Relative path downloaded: Specs/0/3/5/Firebase/10.3.0/Firebase.podspec.json, save ETag: W/"1d9b-+S/FUerWnJQWjTbCsmGIJjhgrNk"
2025-09-05T19:03:15.7222250Z   CDN: trunk Relative path downloaded: Specs/0/3/5/Firebase/10.4.0/Firebase.podspec.json, save ETag: W/"1d9b-ujUBtRQqV3R+rHTSfJbSsxO97JA"
2025-09-05T19:03:15.7223220Z   CDN: trunk Relative path downloaded: Specs/0/3/5/Firebase/10.5.0/Firebase.podspec.json, save ETag: W/"1d9b-PWY3I0qxY+MYUoNGF7T+HfO3r20"
2025-09-05T19:03:15.7223870Z   CDN: trunk Relative path downloaded: Specs/0/3/5/Firebase/10.6.0/Firebase.podspec.json, save ETag: W/"1d9b-8TaARxsCGTfyIw6oUDx4CdjCmAY"
2025-09-05T19:03:15.7224500Z   CDN: trunk Relative path downloaded: Specs/0/3/5/Firebase/10.7.0/Firebase.podspec.json, save ETag: W/"1d9b-Ahms92CIDu7IzkeYlb13Z0Ztn4E"
2025-09-05T19:03:15.7225140Z   CDN: trunk Relative path downloaded: Specs/0/3/5/Firebase/10.8.0/Firebase.podspec.json, save ETag: W/"1d9b-tJ70Tl7Jo9DB9kUPQQM36XhyJ5w"
2025-09-05T19:03:15.7225770Z   CDN: trunk Relative path downloaded: Specs/0/3/5/Firebase/10.9.0/Firebase.podspec.json, save ETag: W/"1d9b-vRUvDz0njEBgxccTWdsI68/Vo+I"
2025-09-05T19:03:15.7226390Z   CDN: trunk Relative path downloaded: Specs/0/3/5/Firebase/11.0.0/Firebase.podspec.json, save ETag: W/"1e28-n1dMCMI5aIW15+EA7UKT2VYhivk"
2025-09-05T19:03:15.7227020Z   CDN: trunk Relative path downloaded: Specs/0/3/5/Firebase/11.1.0/Firebase.podspec.json, save ETag: W/"1e28-/bO9N4QB8mp6389EawpjD4wgwOg"
2025-09-05T19:03:15.7227650Z   CDN: trunk Relative path downloaded: Specs/0/3/5/Firebase/11.10.0/Firebase.podspec.json, save ETag: W/"1e44-H+HAp9mq6jLv4B++pfDr2NcOU6I"
2025-09-05T19:03:15.7228270Z   CDN: trunk Relative path downloaded: Specs/0/3/5/Firebase/11.11.0/Firebase.podspec.json, save ETag: W/"1e44-ao8gHGHtok6Y8c4rRLG5wsr1Jcw"
2025-09-05T19:03:15.7229310Z   CDN: trunk Relative path downloaded: Specs/0/3/5/Firebase/11.12.0/Firebase.podspec.json, save ETag: W/"1e44-c1EI0tC2eCfNkpv+glSYOQfER58"
2025-09-05T19:03:15.7229960Z   CDN: trunk Relative path downloaded: Specs/0/3/5/Firebase/11.13.0/Firebase.podspec.json, save ETag: W/"1e44-NDW8ZrTUlMLyLHn9Oq5MHbZmIyc"
2025-09-05T19:03:15.7230590Z   CDN: trunk Relative path downloaded: Specs/0/3/5/Firebase/11.14.0/Firebase.podspec.json, save ETag: W/"1e44-OPgYs2ygFkj6eOx0ArTuMHYIbCs"
2025-09-05T19:03:15.7231220Z   CDN: trunk Relative path downloaded: Specs/0/3/5/Firebase/11.15.0/Firebase.podspec.json, save ETag: W/"1e44-2ZrBm5Cc0sVIM5wiQezQ0VmasC4"
2025-09-05T19:03:15.7231850Z   CDN: trunk Relative path downloaded: Specs/0/3/5/Firebase/11.2.0/Firebase.podspec.json, save ETag: W/"1e28-mOa/UngXBminmD4Slxpmss1X/Iw"
2025-09-05T19:03:15.7232470Z   CDN: trunk Relative path downloaded: Specs/0/3/5/Firebase/11.3.0/Firebase.podspec.json, save ETag: W/"1e28-XFdRQHYeIjJIBvQB44xIPVjbLew"
2025-09-05T19:03:15.7233100Z   CDN: trunk Relative path downloaded: Specs/0/3/5/Firebase/11.4.0/Firebase.podspec.json, save ETag: W/"1e28-zxsZ8hQQsCm2eGpU6XZKDKytPJk"
2025-09-05T19:03:15.7233730Z   CDN: trunk Relative path downloaded: Specs/0/3/5/Firebase/11.4.1/Firebase.podspec.json, save ETag: W/"1e28-J9t28qKpf7bTRl4wcUGxDxVsTUE"
2025-09-05T19:03:15.7234350Z   CDN: trunk Relative path downloaded: Specs/0/3/5/Firebase/11.4.2/Firebase.podspec.json, save ETag: W/"1e28-f9VGZnjZZL54+/U22KM4XaGcSCg"
2025-09-05T19:03:15.7234960Z   CDN: trunk Relative path downloaded: Specs/0/3/5/Firebase/11.5.0/Firebase.podspec.json, save ETag: W/"1e28-elb+T1a1q4G4amgi9bj5Ca5vx+I"
2025-09-05T19:03:15.7235580Z   CDN: trunk Relative path downloaded: Specs/0/3/5/Firebase/11.6.0/Firebase.podspec.json, save ETag: W/"1e2b-N0pEGpHq2JYhVwOmdNWM2z6ddys"
2025-09-05T19:03:15.7236210Z   CDN: trunk Relative path downloaded: Specs/0/3/5/Firebase/11.7.0/Firebase.podspec.json, save ETag: W/"1e2b-pkv2qFRubqtU8ccVzWFR850jKfQ"
2025-09-05T19:03:15.7236830Z   CDN: trunk Relative path downloaded: Specs/0/3/5/Firebase/11.8.0/Firebase.podspec.json, save ETag: W/"1e2b-2ANU7X9t9fmspV6etHzEtjRzXq8"
2025-09-05T19:03:15.7237560Z   CDN: trunk Relative path downloaded: Specs/0/3/5/Firebase/11.8.1/Firebase.podspec.json, save ETag: W/"1e2b-lzwoEzSWqrAiPp6pnwq6+5+RrVg"
2025-09-05T19:03:15.7238190Z   CDN: trunk Relative path downloaded: Specs/0/3/5/Firebase/11.9.0/Firebase.podspec.json, save ETag: W/"1e2b-gZuXP2abyJTIXhgfgUFx6dRECyk"
2025-09-05T19:03:15.7238810Z   CDN: trunk Relative path downloaded: Specs/0/3/5/Firebase/12.0.0/Firebase.podspec.json, save ETag: W/"1aca-gA1IcEPAVX2frtcUd6ONmq+wikE"
2025-09-05T19:03:15.7239630Z   CDN: trunk Relative path downloaded: Specs/0/3/5/Firebase/12.1.0/Firebase.podspec.json, save ETag: W/"1ae2-ntyaz3ExPrIOIJxC5UaaQlZP4ao"
2025-09-05T19:03:15.7240250Z   CDN: trunk Relative path downloaded: Specs/0/3/5/Firebase/12.2.0/Firebase.podspec.json, save ETag: W/"1ae2-Jvb41GBgOvPflwrVBbFrFfXi6aE"
2025-09-05T19:03:15.7240900Z   CDN: trunk Relative path downloaded: Specs/0/3/5/Firebase/2.0.0/Firebase.podspec.json, save ETag: W/"33d-IeJkxTvYvSU1UMoPWtyvjZHzv1I"
2025-09-05T19:03:15.7241540Z   CDN: trunk Relative path downloaded: Specs/0/3/5/Firebase/2.0.1/Firebase.podspec.json, save ETag: W/"33d-UW2+Pams8Z25WsVHJxSAJJJdI4k"
2025-09-05T19:03:15.7242160Z   CDN: trunk Relative path downloaded: Specs/0/3/5/Firebase/2.0.2/Firebase.podspec.json, save ETag: W/"33d-QQwFhFDEhq5CbdcXmiWOc8KwRqI"
2025-09-05T19:03:15.7242770Z   CDN: trunk Relative path downloaded: Specs/0/3/5/Firebase/2.0.3/Firebase.podspec.json, save ETag: W/"33d-AeHvf2azg34dK/fV0dcPrPmhfBw"
2025-09-05T19:03:15.7243390Z   CDN: trunk Relative path downloaded: Specs/0/3/5/Firebase/2.1.0/Firebase.podspec.json, save ETag: W/"33d-phxj09OAbsg+JVqwqlzrqO6Wmi8"
2025-09-05T19:03:15.7244000Z   CDN: trunk Relative path downloaded: Specs/0/3/5/Firebase/2.1.2/Firebase.podspec.json, save ETag: W/"33d-g9QHhePT5o7TfUh8M8VBHBOy880"
2025-09-05T19:03:15.7244610Z   CDN: trunk Relative path downloaded: Specs/0/3/5/Firebase/2.2.0/Firebase.podspec.json, save ETag: W/"33d-5fnPcscqn9r34TYBK2xSomOiPKc"
2025-09-05T19:03:15.7245370Z   CDN: trunk Relative path downloaded: Specs/0/3/5/Firebase/2.2.1/Firebase.podspec.json, save ETag: W/"33d-o9VLQvCQyidbItzfEDuKtqxvNTw"
2025-09-05T19:03:15.7246110Z   CDN: trunk Relative path downloaded: Specs/0/3/5/Firebase/2.2.2/Firebase.podspec.json, save ETag: W/"33d-41zdJWG/T+qcHjhOlACpwXPRnkc"
2025-09-05T19:03:15.7246730Z   CDN: trunk Relative path downloaded: Specs/0/3/5/Firebase/2.3.0/Firebase.podspec.json, save ETag: W/"41d-dmnfUNOvgS/7qYTQlkUf94EZEnQ"
2025-09-05T19:03:15.7247360Z   CDN: trunk Relative path downloaded: Specs/0/3/5/Firebase/2.3.1/Firebase.podspec.json, save ETag: W/"41d-RieVrfkgKd25d3dmBif13U/VmHY"
2025-09-05T19:03:15.7247980Z   CDN: trunk Relative path downloaded: Specs/0/3/5/Firebase/2.3.2/Firebase.podspec.json, save ETag: W/"41d-Avvqz+GZcIVshyMheIGUUk8h/+0"
2025-09-05T19:03:15.7248600Z   CDN: trunk Relative path downloaded: Specs/0/3/5/Firebase/2.3.3/Firebase.podspec.json, save ETag: W/"3ff-LbYCcvaM5Ax9R+Wubt3BaXfGXUw"
2025-09-05T19:03:15.7249230Z   CDN: trunk Relative path downloaded: Specs/0/3/5/Firebase/2.4.0/Firebase.podspec.json, save ETag: W/"3db-CiIs7QU3O4Jh/gbANnkKCXGZH0c"
2025-09-05T19:03:15.7249890Z   CDN: trunk Relative path downloaded: Specs/0/3/5/Firebase/2.4.1/Firebase.podspec.json, save ETag: W/"4a8-7mCiq9n8ZPP/MKbqUW0wpkDq5G8"
2025-09-05T19:03:15.7250520Z   CDN: trunk Relative path downloaded: Specs/0/3/5/Firebase/2.4.1.1/Firebase.podspec.json, save ETag: W/"4b8-R/kh8lHImC0UfZDyhFgWsh8Basw"
2025-09-05T19:03:15.7251150Z   CDN: trunk Relative path downloaded: Specs/0/3/5/Firebase/2.4.2/Firebase.podspec.json, save ETag: W/"4b4-XomO1QEsgdKMpfrhETxrYaFyvG0"
2025-09-05T19:03:15.7251770Z   CDN: trunk Relative path downloaded: Specs/0/3/5/Firebase/2.4.3/Firebase.podspec.json, save ETag: W/"4b4-SBeZlbVh4iYsXUBg7N/8pF+7/4s"
2025-09-05T19:03:15.7252650Z   CDN: trunk Relative path downloaded: Specs/0/3/5/Firebase/2.5.0/Firebase.podspec.json, save ETag: W/"4b4-dEYXwHM7RRmPlIbr1crGTsLRDXk"
2025-09-05T19:03:15.7253280Z   CDN: trunk Relative path downloaded: Specs/0/3/5/Firebase/2.5.1/Firebase.podspec.json, save ETag: W/"4b4-NWXqiLgw8o8sd+zFJGIrxxog0IU"
2025-09-05T19:03:15.7253900Z   CDN: trunk Relative path downloaded: Specs/0/3/5/Firebase/3.10.0/Firebase.podspec.json, save ETag: W/"a4b-OH83x9yolKAnCNqf81uhRwQOrp4"
2025-09-05T19:03:15.7254510Z   CDN: trunk Relative path downloaded: Specs/0/3/5/Firebase/3.11.0/Firebase.podspec.json, save ETag: W/"a4b-uBNOKF6zMgERW8aIvF1/ESkjvB8"
2025-09-05T19:03:15.7255130Z   CDN: trunk Relative path downloaded: Specs/0/3/5/Firebase/3.11.1/Firebase.podspec.json, save ETag: W/"a4b-U7I0PbHr+j6xa9tDGLi7ZTYLIiA"
2025-09-05T19:03:15.7255920Z   CDN: trunk Relative path downloaded: Specs/0/3/5/Firebase/3.12.0/Firebase.podspec.json, save ETag: W/"a4b-jpnrH/VTrVvMYHLMPZJbuJwSRNY"
2025-09-05T19:03:15.7256550Z   CDN: trunk Relative path downloaded: Specs/0/3/5/Firebase/3.13.0/Firebase.podspec.json, save ETag: W/"a4b-W8NNe1/1eS4zhsiyjcYmXe6rDaQ"
2025-09-05T19:03:15.7257190Z   CDN: trunk Relative path downloaded: Specs/0/3/5/Firebase/3.14.0/Firebase.podspec.json, save ETag: W/"a4b-haWB+wTkT2Oun0+8jW2r9KTBhlM"
2025-09-05T19:03:15.7257810Z   CDN: trunk Relative path downloaded: Specs/0/3/5/Firebase/3.15.0/Firebase.podspec.json, save ETag: W/"a4b-KxzfuhzahYnzKQSml8x1MyK/+dg"
2025-09-05T19:03:15.7258430Z   CDN: trunk Relative path downloaded: Specs/0/3/5/Firebase/3.2.0/Firebase.podspec.json, save ETag: W/"c03-bUAS2hWYcyorQ/Ftg1XsqQ+U7Vk"
2025-09-05T19:03:15.7259050Z   CDN: trunk Relative path downloaded: Specs/0/3/5/Firebase/4.0.4/Firebase.podspec.json, save ETag: W/"a49-FJK/BOG3OnNTtPss9aILrJaS80E"
2025-09-05T19:03:15.7259670Z   CDN: trunk Relative path downloaded: Specs/0/3/5/Firebase/3.17.0/Firebase.podspec.json, save ETag: W/"a4b-S2a1tZxD7ax0W4fwyH5CzdAnnBM"
2025-09-05T19:03:15.7260300Z   CDN: trunk Relative path downloaded: Specs/0/3/5/Firebase/4.11.0/Firebase.podspec.json, save ETag: W/"c09-zBPfqxA4yLRdeQPgH8aQRR1tCyQ"
2025-09-05T19:03:15.7261140Z   CDN: trunk Relative path downloaded: Specs/0/3/5/Firebase/3.9.0/Firebase.podspec.json, save ETag: W/"a49-/3f/t3sxfDcg/vV6YOkzXOv5YuY"
2025-09-05T19:03:18.9265030Z   CDN: trunk Relative path downloaded: Specs/0/3/5/Firebase/4.10.1/Firebase.podspec.json, save ETag: W/"b75-ksa6WT4y2w3v3kZKmtyYHVy0n5c"
2025-09-05T19:03:18.9367860Z   CDN: trunk Relative path downloaded: Specs/0/3/5/Firebase/4.10.0/Firebase.podspec.json, save ETag: W/"b75-yYyLH7y9zNglOaNsKxepsbsO55g"
2025-09-05T19:03:18.9500850Z   CDN: trunk Relative path downloaded: Specs/0/3/5/Firebase/4.13.0/Firebase.podspec.json, save ETag: W/"c09-XsXoY9Jp2C1mtL9WhWcm+PuPD7M"
2025-09-05T19:03:18.9603990Z   CDN: trunk Relative path downloaded: Specs/0/3/5/Firebase/4.12.0/Firebase.podspec.json, save ETag: W/"c09-1/30Dk1shBhJxSkZ9Df9OgAJ3tA"
2025-09-05T19:03:18.9713110Z   CDN: trunk Relative path downloaded: Specs/0/3/5/Firebase/4.9.0/Firebase.podspec.json, save ETag: W/"b73-YyIWrz7X8x4740d2lH/cdUbPtXI"
2025-09-05T19:03:18.9842800Z   CDN: trunk Relative path downloaded: Specs/0/3/5/Firebase/5.13.0/Firebase.podspec.json, save ETag: W/"13e0-bfmmEUvJ8Qapj+g9VDjU2YM8IBk"
2025-09-05T19:03:18.9947300Z   CDN: trunk Relative path downloaded: Specs/0/3/5/Firebase/5.14.0/Firebase.podspec.json, save ETag: W/"13e0-lj1WhfroiKVtbU2c/Oa5yXaVh5g"
2025-09-05T19:03:19.0049920Z   CDN: trunk Relative path downloaded: Specs/0/3/5/Firebase/5.8.1/Firebase.podspec.json, save ETag: W/"11c7-qHDtEU12m0JAIaDI3bDIbDJQoMU"
2025-09-05T19:03:19.0165620Z   CDN: trunk Relative path downloaded: Specs/0/3/5/Firebase/6.8.0/Firebase.podspec.json, save ETag: W/"1737-w1kSpcFgGT3EI/Jg2sPxZ6Gnlas"
2025-09-05T19:03:19.0272440Z   CDN: trunk Relative path downloaded: Specs/0/3/5/Firebase/5.6.0/Firebase.podspec.json, save ETag: W/"11c6-deqeIy7voVjBBJAoAwuPZhosy2I"
2025-09-05T19:03:19.0373380Z   CDN: trunk Relative path downloaded: Specs/0/3/5/Firebase/5.8.0/Firebase.podspec.json, save ETag: W/"11c7-JYEvQ+elOxGuLwpfTG0S+usffNc"
2025-09-05T19:03:19.0543630Z   CDN: trunk Relative path downloaded: Specs/0/3/5/Firebase/4.2.0/Firebase.podspec.json, save ETag: W/"a49-lUjK4U1pcYrdEtdaWzEok/fvicc"
2025-09-05T19:03:19.0772950Z   CDN: trunk Relative path downloaded: Specs/0/3/5/Firebase/5.1.0/Firebase.podspec.json, save ETag: W/"1119-4I+weV81cHrrHYpxXHMcRb32/VY"
2025-09-05T19:03:19.0874600Z   CDN: trunk Relative path downloaded: Specs/0/3/5/Firebase/5.2.0/Firebase.podspec.json, save ETag: W/"1119-Je0EEgNtfQCFaNH7TS6dgeqKCiw"
2025-09-05T19:03:19.0875330Z   CDN: trunk Relative path downloaded: Specs/0/3/5/Firebase/5.0.0/Firebase.podspec.json, save ETag: W/"1119-S9gERIqyWWeUaYdz1BUgoK8QHmU"
2025-09-05T19:03:19.0977990Z   CDN: trunk Relative path downloaded: Specs/0/3/5/Firebase/4.8.0/Firebase.podspec.json, save ETag: W/"b72-cQ3su8bZ1IUw6aXboyCXQMNTLgU"
2025-09-05T19:03:19.1080120Z   CDN: trunk Relative path downloaded: Specs/0/3/5/Firebase/5.10.0/Firebase.podspec.json, save ETag: W/"1277-ZpHUdWKngMJigc6EZFGPqvyQxhA"
2025-09-05T19:03:19.1181530Z   CDN: trunk Relative path downloaded: Specs/0/3/5/Firebase/5.5.0/Firebase.podspec.json, save ETag: W/"1120-jJV/nLOFK1GRgPs3iAG37uuk0og"
2025-09-05T19:03:19.1253260Z   CDN: trunk Relative path downloaded: Specs/0/3/5/Firebase/5.16.0/Firebase.podspec.json, save ETag: W/"1591-dJqP9JYvnYx53aGWbeIPb3dYPWc"
2025-09-05T19:03:19.1279810Z   CDN: trunk Relative path downloaded: Specs/0/3/5/Firebase/4.1.0/Firebase.podspec.json, save ETag: W/"a49-6+v0HbfxDgx2aLbqqoV/vlmapHg"
2025-09-05T19:03:19.1290940Z   CDN: trunk Relative path downloaded: Specs/0/3/5/Firebase/6.11.0/Firebase.podspec.json, save ETag: W/"1ee6-vJz8epbHMmhlbVqqtFP/G0tTDg4"
2025-09-05T19:03:19.1291700Z   CDN: trunk Relative path downloaded: Specs/0/3/5/Firebase/5.12.0/Firebase.podspec.json, save ETag: W/"13e0-kZABjilhOdk4uZUhzeDBWm6NKUY"
2025-09-05T19:03:19.1292420Z   CDN: trunk Relative path downloaded: Specs/0/3/5/Firebase/6.21.0/Firebase.podspec.json, save ETag: W/"2181-83jIA0DdQcCtCRSvdAwCHrKCoEs"
2025-09-05T19:03:19.1293150Z   CDN: trunk Relative path downloaded: Specs/0/3/5/Firebase/4.0.3/Firebase.podspec.json, save ETag: W/"a49-njP9+8o3yrY1xpOIPKqQpEdbhCs"
2025-09-05T19:03:19.1294140Z   CDN: trunk Relative path downloaded: Specs/0/3/5/Firebase/4.5.0/Firebase.podspec.json, save ETag: W/"b72-2D0oe9trHHgyBWFIJwbR/PyN38E"
2025-09-05T19:03:19.1294820Z   CDN: trunk Relative path downloaded: Specs/0/3/5/Firebase/5.20.1/Firebase.podspec.json, save ETag: W/"166b-L1I15i8UHLhhgcOvDf5FCXBjUaw"
2025-09-05T19:03:19.1295450Z   CDN: trunk Relative path downloaded: Specs/0/3/5/Firebase/4.7.0/Firebase.podspec.json, save ETag: W/"b72-2/uYzOwtz80hq5zBtJgaPzyMXiY"
2025-09-05T19:03:19.1296080Z   CDN: trunk Relative path downloaded: Specs/0/3/5/Firebase/4.3.0/Firebase.podspec.json, save ETag: W/"add-gyg3YaHvbcmEbgPQgFn1FCGvvWU"
2025-09-05T19:03:19.1296720Z   CDN: trunk Relative path downloaded: Specs/0/3/5/Firebase/5.20.2/Firebase.podspec.json, save ETag: W/"166b-DIzzPyZkEMYas+ImXPpBIgA1HZw"
2025-09-05T19:03:19.1297350Z   CDN: trunk Relative path downloaded: Specs/0/3/5/Firebase/6.4.0/Firebase.podspec.json, save ETag: W/"1836-lEVGllWpjpAQc39LxHIOW9pGWHM"
2025-09-05T19:03:19.1298020Z   CDN: trunk Relative path downloaded: Specs/0/3/5/Firebase/5.4.0/Firebase.podspec.json, save ETag: W/"1120-1m9PKcI/ItloCNmrwXTYHY7ulo8"
2025-09-05T19:03:19.1298650Z   CDN: trunk Relative path downloaded: Specs/0/3/5/Firebase/6.25.0/Firebase.podspec.json, save ETag: W/"2147-Vxm0+WX3ZkMkGhu4JESD/2EX2zk"
2025-09-05T19:03:19.1299350Z   CDN: trunk Relative path downloaded: Specs/0/3/5/Firebase/6.28.1/Firebase.podspec.json, save ETag: W/"214f-7QQlkMqgApOSJXUpqAA8Je6CvBg"
2025-09-05T19:03:19.1300020Z   CDN: trunk Relative path downloaded: Specs/0/3/5/Firebase/6.33.0/Firebase.podspec.json, save ETag: W/"237b-jbby0bLF4phO+6SUmhRYdaj2X+U"
2025-09-05T19:03:19.1300660Z   CDN: trunk Relative path downloaded: Specs/0/3/5/Firebase/2.1.1/Firebase.podspec.json, save ETag: W/"33d-OOKzoJA4oQ0ePqFGSomLJJber0E"
2025-09-05T19:03:19.1301510Z   CDN: trunk Redirecting from https://cdn.cocoapods.org/Specs/0/3/5/Firebase/4.1.1/Firebase.podspec.json to https://cdn.jsdelivr.net/cocoa/Specs/0/3/5/Firebase/4.1.1/Firebase.podspec.json
2025-09-05T19:03:19.1302420Z   CDN: trunk Redirecting from https://cdn.cocoapods.org/Specs/0/3/5/Firebase/6.18.0/Firebase.podspec.json to https://cdn.jsdelivr.net/cocoa/Specs/0/3/5/Firebase/6.18.0/Firebase.podspec.json
2025-09-05T19:03:19.1303310Z   CDN: trunk Redirecting from https://cdn.cocoapods.org/Specs/0/3/5/Firebase/5.17.0/Firebase.podspec.json to https://cdn.jsdelivr.net/cocoa/Specs/0/3/5/Firebase/5.17.0/Firebase.podspec.json
2025-09-05T19:03:19.1304190Z   CDN: trunk Redirecting from https://cdn.cocoapods.org/Specs/0/3/5/Firebase/5.0.1/Firebase.podspec.json to https://cdn.jsdelivr.net/cocoa/Specs/0/3/5/Firebase/5.0.1/Firebase.podspec.json
2025-09-05T19:03:19.1305250Z   CDN: trunk Redirecting from https://cdn.cocoapods.org/Specs/0/3/5/Firebase/5.7.0/Firebase.podspec.json to https://cdn.jsdelivr.net/cocoa/Specs/0/3/5/Firebase/5.7.0/Firebase.podspec.json
2025-09-05T19:03:19.1306150Z   CDN: trunk Redirecting from https://cdn.cocoapods.org/Specs/0/3/5/Firebase/6.34.0/Firebase.podspec.json to https://cdn.jsdelivr.net/cocoa/Specs/0/3/5/Firebase/6.34.0/Firebase.podspec.json
2025-09-05T19:03:19.1307130Z   CDN: trunk Redirecting from https://cdn.cocoapods.org/Specs/0/3/5/Firebase/6.10.0/Firebase.podspec.json to https://cdn.jsdelivr.net/cocoa/Specs/0/3/5/Firebase/6.10.0/Firebase.podspec.json
2025-09-05T19:03:19.1308070Z   CDN: trunk Redirecting from https://cdn.cocoapods.org/Specs/0/3/5/Firebase/6.13.0/Firebase.podspec.json to https://cdn.jsdelivr.net/cocoa/Specs/0/3/5/Firebase/6.13.0/Firebase.podspec.json
2025-09-05T19:03:19.1308890Z   CDN: trunk Relative path downloaded: Specs/0/3/5/Firebase/4.1.1/Firebase.podspec.json, save ETag: W/"a49-BSwN5oj8h7QUmW7qE+Ij3Z/uP6I"
2025-09-05T19:03:19.1309570Z   CDN: trunk Relative path downloaded: Specs/0/3/5/Firebase/5.0.1/Firebase.podspec.json, save ETag: W/"1119-1oYcIFnYwy0ebdiTLiKto0bZCjo"
2025-09-05T19:03:19.1310270Z   CDN: trunk Relative path downloaded: Specs/0/3/5/Firebase/6.10.0/Firebase.podspec.json, save ETag: W/"1739-Xmt7Er+a25CYZojtwGsVbDfhCc0"
2025-09-05T19:03:19.1311150Z   CDN: trunk Relative path downloaded: Specs/0/3/5/Firebase/6.13.0/Firebase.podspec.json, save ETag: W/"1ee6-RY0QlRIgDRrKLhubbPfWioaaSkY"
2025-09-05T19:03:19.1311840Z   CDN: trunk Relative path downloaded: Specs/0/3/5/Firebase/6.18.0/Firebase.podspec.json, save ETag: W/"2104-BJDsp2KnLk8VgjGVORU4l/FQje4"
2025-09-05T19:03:19.1312550Z   CDN: trunk Relative path downloaded: Specs/0/3/5/Firebase/5.7.0/Firebase.podspec.json, save ETag: W/"11c7-c0pPkpV6psQOeuP9o9k1nhiQqoc"
2025-09-05T19:03:19.1313230Z   CDN: trunk Relative path downloaded: Specs/0/3/5/Firebase/6.34.0/Firebase.podspec.json, save ETag: W/"237b-wjo22eTN94d9/LqN0MWK3WY1iZk"
2025-09-05T19:03:19.1313910Z   CDN: trunk Relative path downloaded: Specs/0/3/5/Firebase/5.17.0/Firebase.podspec.json, save ETag: W/"1595-WdVX4GQhf6tqA/8Auqc8Buc4MuY"
2025-09-05T19:03:19.1314630Z [!] CDN: trunk URL couldn't be downloaded: https://cdn.cocoapods.org/Specs/0/3/5/Firebase/6.5.0/Firebase.podspec.json Response: 409 <!DOCTYPE html>
2025-09-05T19:03:19.1315710Z <!--[if lt IE 7]> <html class="no-js ie6 oldie" lang="en-US"> <![endif]-->
2025-09-05T19:03:19.1316070Z <!--[if IE 7]>    <html class="no-js ie7 oldie" lang="en-US"> <![endif]-->
2025-09-05T19:03:19.1316510Z <!--[if IE 8]>    <html class="no-js ie8 oldie" lang="en-US"> <![endif]-->
2025-09-05T19:03:19.1316820Z <!--[if gt IE 8]><!--> <html class="no-js" lang="en-US"> <!--<![endif]-->
2025-09-05T19:03:19.1317090Z <head>
2025-09-05T19:03:19.1317330Z <title>Could not find host | cdn.cocoapods.org | Cloudflare</title>
2025-09-05T19:03:19.1317660Z <meta charset="UTF-8" />
2025-09-05T19:03:19.1317950Z <meta http-equiv="Content-Type" content="text/html; charset=UTF-8" />
2025-09-05T19:03:19.1318290Z <meta http-equiv="X-UA-Compatible" content="IE=Edge" />
2025-09-05T19:03:19.1318580Z <meta name="robots" content="noindex, nofollow" />
2025-09-05T19:03:19.1318950Z <meta name="viewport" content="width=device-width,initial-scale=1" />
2025-09-05T19:03:19.1319330Z <link rel="stylesheet" id="cf_styles-css" href="/cdn-cgi/styles/main.css" />
2025-09-05T19:03:19.1319540Z 
2025-09-05T19:03:19.1319550Z 
2025-09-05T19:03:19.1319590Z <script>
2025-09-05T19:03:19.1320940Z (function(){if(document.addEventListener&&window.XMLHttpRequest&&JSON&&JSON.stringify){var e=function(a){var c=document.getElementById("error-feedback-survey"),d=document.getElementById("error-feedback-success"),b=new XMLHttpRequest;a={event:"feedback clicked",properties:{errorCode:1018,helpful:a,version:1}};b.open("POST","https://sparrow.cloudflare.com/api/v1/event");b.setRequestHeader("Content-Type","application/json");b.setRequestHeader("Sparrow-Source-Key","c771f0e4b54944bebf4261d44bd79a1e");
2025-09-05T19:03:19.1323730Z b.send(JSON.stringify(a));c.classList.add("feedback-hidden");d.classList.remove("feedback-hidden")};document.addEventListener("DOMContentLoaded",function(){var a=document.getElementById("error-feedback"),c=document.getElementById("feedback-button-yes"),d=document.getElementById("feedback-button-no");"classList"in a&&(a.classList.remove("feedback-hidden"),c.addEventListener("click",function(){e(!0)}),d.addEventListener("click",function(){e(!1)}))})}})();
2025-09-05T19:03:19.1324850Z </script>
2025-09-05T19:03:19.1324930Z 
2025-09-05T19:03:19.1325090Z <script defer src="https://performance.radar.cloudflare.com/beacon.js"></script>
2025-09-05T19:03:19.1325360Z </head>
2025-09-05T19:03:19.1325470Z <body>
2025-09-05T19:03:19.1325580Z   <div id="cf-wrapper">
2025-09-05T19:03:19.1325960Z     <div class="cf-alert cf-alert-error cf-cookie-error hidden" id="cookie-alert" data-translate="enable_cookies">Please enable cookies.</div>
2025-09-05T19:03:19.1326390Z     <div id="cf-error-details" class="p-0">
2025-09-05T19:03:19.1326680Z       <header class="mx-auto pt-10 lg:pt-6 lg:px-8 w-240 lg:w-full mb-15 antialiased">
2025-09-05T19:03:19.1327100Z          <h1 class="inline-block md:block mr-2 md:mb-2 font-light text-60 md:text-3xl text-black-dark leading-tight">
2025-09-05T19:03:19.1327450Z            <span data-translate="error">Error</span>
2025-09-05T19:03:19.1327640Z            <span>1018</span>
2025-09-05T19:03:19.1327880Z          </h1>
2025-09-05T19:03:19.1328390Z          <span class="inline-block md:block heading-ray-id font-mono text-15 lg:text-sm lg:leading-relaxed">Ray ID: 97a7fc0f9b256efd &bull;</span>
2025-09-05T19:03:19.1328980Z          <span class="inline-block md:block heading-ray-id font-mono text-15 lg:text-sm lg:leading-relaxed">2025-09-05 19:03:13 UTC</span>
2025-09-05T19:03:19.1329480Z         <h2 class="text-gray-600 leading-1.3 text-3xl lg:text-2xl font-light">Could not find host</h2>
2025-09-05T19:03:19.1329770Z       </header>
2025-09-05T19:03:19.1329850Z 
2025-09-05T19:03:19.1329950Z       <section class="w-240 lg:w-full mx-auto mb-8 lg:px-8">
2025-09-05T19:03:19.1330370Z           <div id="what-happened-section" class="w-1/2 md:w-full">
2025-09-05T19:03:19.1330830Z             <h2 class="text-3xl leading-tight font-normal mb-4 text-black-dark antialiased" data-translate="what_happened">What happened?</h2>
2025-09-05T19:03:19.1331810Z             <p>You've requested a page on a website (cdn.cocoapods.org) that is on the <a href="https://www.cloudflare.com/5xx-error-landing/" target="_blank">Cloudflare</a> network. Cloudflare is currently unable to resolve your requested domain (cdn.cocoapods.org). There are two potential causes of this:</p>
2025-09-05T19:03:19.1332770Z             <ul class="ml-10 mt-6 text-15 text-black-dark antialiased leading-normal">
2025-09-05T19:03:19.1333400Z                <li class="mb-4"><strong class="font-semibold">Most likely:</strong> if the owner just signed up for Cloudflare it can take a few minutes for the website's information to be distributed to our global network.</li>
2025-09-05T19:03:19.1334380Z                <li><strong>Less likely:</strong> something is wrong with this site's configuration. Usually this happens when accounts have been signed up with a partner organization (e.g., a hosting provider) and the provider's DNS fails.</li>
2025-09-05T19:03:19.1334960Z             </ul>
2025-09-05T19:03:19.1335080Z             
2025-09-05T19:03:19.1336010Z               <p>Please see <a rel="noopener noreferrer" href="https://developers.cloudflare.com/support/troubleshooting/http-status-codes/cloudflare-1xxx-errors/error-1018/" target="_blank">https://developers.cloudflare.com/support/troubleshooting/http-status-codes/cloudflare-1xxx-errors/error-1018/</a> for more details.</p>
2025-09-05T19:03:19.1336870Z             
2025-09-05T19:03:19.1336990Z           </div>
2025-09-05T19:03:19.1337070Z 
2025-09-05T19:03:19.1337110Z           
2025-09-05T19:03:19.1337370Z       </section>
2025-09-05T19:03:19.1337450Z 
2025-09-05T19:03:19.1337580Z       <div class="feedback-hidden py-8 text-center" id="error-feedback">
2025-09-05T19:03:19.1337890Z     <div id="error-feedback-survey" class="footer-line-wrapper">
2025-09-05T19:03:19.1338120Z         Was this page helpful?
2025-09-05T19:03:19.1338540Z         <button class="border border-solid bg-white cf-button cursor-pointer ml-4 px-4 py-2 rounded" id="feedback-button-yes" type="button">Yes</button>
2025-09-05T19:03:19.1339200Z         <button class="border border-solid bg-white cf-button cursor-pointer ml-4 px-4 py-2 rounded" id="feedback-button-no" type="button">No</button>
2025-09-05T19:03:19.1339590Z     </div>
2025-09-05T19:03:19.1339810Z     <div class="feedback-success feedback-hidden" id="error-feedback-success">
2025-09-05T19:03:19.1340080Z         Thank you for your feedback!
2025-09-05T19:03:19.1340250Z     </div>
2025-09-05T19:03:19.1340350Z </div>
2025-09-05T19:03:19.1340410Z 
2025-09-05T19:03:19.1340420Z 
2025-09-05T19:03:19.1340730Z       <div class="cf-error-footer cf-wrapper w-240 lg:w-full py-10 sm:py-4 sm:px-8 mx-auto text-center sm:text-left border-solid border-0 border-t border-gray-300">
2025-09-05T19:03:19.1341140Z   <p class="text-13">
2025-09-05T19:03:19.1341480Z     <span class="cf-footer-item sm:block sm:mb-1">Cloudflare Ray ID: <strong class="font-semibold">97a7fc0f9b256efd</strong></span>
2025-09-05T19:03:19.1341900Z     <span class="cf-footer-separator sm:hidden">&bull;</span>
2025-09-05T19:03:19.1342300Z     <span id="cf-footer-item-ip" class="cf-footer-item hidden sm:block sm:mb-1">
2025-09-05T19:03:19.1342560Z       Your IP:
2025-09-05T19:03:19.1342930Z       <button type="button" id="cf-footer-ip-reveal" class="cf-footer-ip-reveal-btn">Click to reveal</button>
2025-09-05T19:03:19.1343310Z       <span class="hidden" id="cf-footer-ip">13.105.117.152</span>
2025-09-05T19:03:19.1343590Z       <span class="cf-footer-separator sm:hidden">&bull;</span>
2025-09-05T19:03:19.1343800Z     </span>
2025-09-05T19:03:19.1344360Z     <span class="cf-footer-item sm:block sm:mb-1"><span>Performance &amp; security by</span> <a rel="noopener noreferrer" href="https://www.cloudflare.com/5xx-error-landing" id="brand_link" target="_blank">Cloudflare</a></span>
2025-09-05T19:03:19.1344920Z     
2025-09-05T19:03:19.1345020Z   </p>
2025-09-05T19:03:19.1345940Z   <script>(function(){function d(){var b=a.getElementById("cf-footer-item-ip"),c=a.getElementById("cf-footer-ip-reveal");b&&"classList"in b&&(b.classList.remove("hidden"),c.addEventListener("click",function(){c.classList.add("hidden");a.getElementById("cf-footer-ip").classList.remove("hidden")}))}var a=document;document.addEventListener&&a.addEventListener("DOMContentLoaded",d)})();</script>
2025-09-05T19:03:19.1346880Z </div><!-- /.error-footer -->
2025-09-05T19:03:19.1346990Z 
2025-09-05T19:03:19.1347000Z 
2025-09-05T19:03:19.1347060Z     </div><!-- /#cf-error-details -->
2025-09-05T19:03:19.1347230Z   </div><!-- /#cf-wrapper -->
2025-09-05T19:03:19.1347340Z 
2025-09-05T19:03:19.1347380Z   <script>
2025-09-05T19:03:19.1347510Z   window._cf_translation = {};
2025-09-05T19:03:19.1347660Z   
2025-09-05T19:03:19.1347760Z   
2025-09-05T19:03:19.1347860Z </script>
2025-09-05T19:03:19.1347930Z 
2025-09-05T19:03:19.1347970Z </body>
2025-09-05T19:03:19.1348080Z </html>
2025-09-05T19:03:19.1348140Z 
2025-09-05T19:03:19.1348470Z /opt/homebrew/lib/ruby/gems/3.3.0/gems/cocoapods-core-1.16.2/lib/cocoapods-core/cdn_source.rb:421:in `block in download_and_save_with_retries_async'
2025-09-05T19:03:19.1349270Z /opt/homebrew/lib/ruby/gems/3.3.0/gems/concurrent-ruby-1.3.5/lib/concurrent-ruby/concurrent/promises.rb:408:in `apply'
2025-09-05T19:03:19.1349940Z /opt/homebrew/lib/ruby/gems/3.3.0/gems/concurrent-ruby-1.3.5/lib/concurrent-ruby/concurrent/promises.rb:1216:in `apply'
2025-09-05T19:03:19.1350590Z /opt/homebrew/lib/ruby/gems/3.3.0/gems/concurrent-ruby-1.3.5/lib/concurrent-ruby/concurrent/promises.rb:1740:in `block (2 levels) in on_resolvable'
2025-09-05T19:03:19.1351380Z /opt/homebrew/lib/ruby/gems/3.3.0/gems/concurrent-ruby-1.3.5/lib/concurrent-ruby/concurrent/promises.rb:1593:in `evaluate_to'
2025-09-05T19:03:19.1352040Z /opt/homebrew/lib/ruby/gems/3.3.0/gems/concurrent-ruby-1.3.5/lib/concurrent-ruby/concurrent/promises.rb:1740:in `block in on_resolvable'
2025-09-05T19:03:19.1352750Z /opt/homebrew/lib/ruby/gems/3.3.0/gems/concurrent-ruby-1.3.5/lib/concurrent-ruby/concurrent/executor/ruby_thread_pool_executor.rb:359:in `run_task'
2025-09-05T19:03:19.1353550Z /opt/homebrew/lib/ruby/gems/3.3.0/gems/concurrent-ruby-1.3.5/lib/concurrent-ruby/concurrent/executor/ruby_thread_pool_executor.rb:350:in `block (3 levels) in create_worker'
2025-09-05T19:03:19.1354100Z <internal:kernel>:187:in `loop'
2025-09-05T19:03:19.1354610Z /opt/homebrew/lib/ruby/gems/3.3.0/gems/concurrent-ruby-1.3.5/lib/concurrent-ruby/concurrent/executor/ruby_thread_pool_executor.rb:341:in `block (2 levels) in create_worker'
2025-09-05T19:03:19.1355570Z /opt/homebrew/lib/ruby/gems/3.3.0/gems/concurrent-ruby-1.3.5/lib/concurrent-ruby/concurrent/executor/ruby_thread_pool_executor.rb:340:in `catch'
2025-09-05T19:03:19.1356440Z /opt/homebrew/lib/ruby/gems/3.3.0/gems/concurrent-ruby-1.3.5/lib/concurrent-ruby/concurrent/executor/ruby_thread_pool_executor.rb:340:in `block in create_worker'
2025-09-05T19:03:19.1363370Z /opt/homebrew/lib/ruby/gems/3.3.0/gems/concurrent-ruby-1.3.5/lib/concurrent-ruby/concurrent/promises.rb:1268:in `raise'
2025-09-05T19:03:19.1364450Z /opt/homebrew/lib/ruby/gems/3.3.0/gems/concurrent-ruby-1.3.5/lib/concurrent-ruby/concurrent/promises.rb:1268:in `wait_until_resolved!'
2025-09-05T19:03:19.1366470Z /opt/homebrew/lib/ruby/gems/3.3.0/gems/concurrent-ruby-1.3.5/lib/concurrent-ruby/concurrent/promises.rb:988:in `wait!'
2025-09-05T19:03:19.1368130Z /opt/homebrew/lib/ruby/gems/3.3.0/gems/cocoapods-core-1.16.2/lib/cocoapods-core/cdn_source.rb:145:in `block in versions'
2025-09-05T19:03:19.1369850Z /opt/homebrew/lib/ruby/gems/3.3.0/gems/cocoapods-core-1.16.2/lib/cocoapods-core/cdn_source.rb:485:in `concurrent_requests_catching_errors'
2025-09-05T19:03:19.1371710Z /opt/homebrew/lib/ruby/gems/3.3.0/gems/cocoapods-core-1.16.2/lib/cocoapods-core/cdn_source.rb:122:in `versions'
2025-09-05T19:03:19.1373420Z /opt/homebrew/lib/ruby/gems/3.3.0/gems/cocoapods-core-1.16.2/lib/cocoapods-core/specification/set.rb:99:in `block in versions_by_source'
2025-09-05T19:03:19.1375320Z /opt/homebrew/lib/ruby/gems/3.3.0/gems/cocoapods-core-1.16.2/lib/cocoapods-core/specification/set.rb:98:in `each'
2025-09-05T19:03:19.1376950Z /opt/homebrew/lib/ruby/gems/3.3.0/gems/cocoapods-core-1.16.2/lib/cocoapods-core/specification/set.rb:98:in `each_with_object'
2025-09-05T19:03:19.1378650Z /opt/homebrew/lib/ruby/gems/3.3.0/gems/cocoapods-core-1.16.2/lib/cocoapods-core/specification/set.rb:98:in `versions_by_source'
2025-09-05T19:03:19.1380430Z /opt/homebrew/lib/ruby/gems/3.3.0/gems/cocoapods-core-1.16.2/lib/cocoapods-core/specification/set.rb:56:in `specification_name'
2025-09-05T19:03:19.1382030Z /opt/homebrew/lib/ruby/gems/3.3.0/gems/cocoapods-core-1.16.2/lib/cocoapods-core/cdn_source.rb:217:in `search'
2025-09-05T19:03:19.1383810Z /opt/homebrew/lib/ruby/gems/3.3.0/gems/cocoapods-core-1.16.2/lib/cocoapods-core/source/aggregate.rb:83:in `block in search'
2025-09-05T19:03:19.1384500Z /opt/homebrew/lib/ruby/gems/3.3.0/gems/cocoapods-core-1.16.2/lib/cocoapods-core/source/aggregate.rb:83:in `select'
2025-09-05T19:03:19.1385140Z /opt/homebrew/lib/ruby/gems/3.3.0/gems/cocoapods-core-1.16.2/lib/cocoapods-core/source/aggregate.rb:83:in `search'
2025-09-05T19:03:19.1385720Z /opt/homebrew/lib/ruby/gems/3.3.0/gems/cocoapods-1.16.2/lib/cocoapods/resolver.rb:416:in `create_set_from_sources'
2025-09-05T19:03:19.1386260Z /opt/homebrew/lib/ruby/gems/3.3.0/gems/cocoapods-1.16.2/lib/cocoapods/resolver.rb:385:in `find_cached_set'
2025-09-05T19:03:19.1386810Z /opt/homebrew/lib/ruby/gems/3.3.0/gems/cocoapods-1.16.2/lib/cocoapods/resolver.rb:360:in `specifications_for_dependency'
2025-09-05T19:03:19.1387340Z /opt/homebrew/lib/ruby/gems/3.3.0/gems/cocoapods-1.16.2/lib/cocoapods/resolver.rb:165:in `search_for'
2025-09-05T19:03:19.1388450Z /opt/homebrew/lib/ruby/gems/3.3.0/gems/cocoapods-1.16.2/lib/cocoapods/resolver.rb:274:in `block in sort_dependencies'
2025-09-05T19:03:19.1388950Z /opt/homebrew/lib/ruby/gems/3.3.0/gems/cocoapods-1.16.2/lib/cocoapods/resolver.rb:267:in `each'
2025-09-05T19:03:19.1389410Z /opt/homebrew/lib/ruby/gems/3.3.0/gems/cocoapods-1.16.2/lib/cocoapods/resolver.rb:267:in `sort_by'
2025-09-05T19:03:19.1389870Z /opt/homebrew/lib/ruby/gems/3.3.0/gems/cocoapods-1.16.2/lib/cocoapods/resolver.rb:267:in `sort_by!'
2025-09-05T19:03:19.1390440Z /opt/homebrew/lib/ruby/gems/3.3.0/gems/cocoapods-1.16.2/lib/cocoapods/resolver.rb:267:in `sort_dependencies'
2025-09-05T19:03:19.1391070Z /opt/homebrew/lib/ruby/gems/3.3.0/gems/molinillo-0.8.0/lib/molinillo/delegates/specification_provider.rb:60:in `block in sort_dependencies'
2025-09-05T19:03:19.1391800Z /opt/homebrew/lib/ruby/gems/3.3.0/gems/molinillo-0.8.0/lib/molinillo/delegates/specification_provider.rb:77:in `with_no_such_dependency_error_handling'
2025-09-05T19:03:19.1392530Z /opt/homebrew/lib/ruby/gems/3.3.0/gems/molinillo-0.8.0/lib/molinillo/delegates/specification_provider.rb:59:in `sort_dependencies'
2025-09-05T19:03:19.1393140Z /opt/homebrew/lib/ruby/gems/3.3.0/gems/molinillo-0.8.0/lib/molinillo/resolution.rb:754:in `push_state_for_requirements'
2025-09-05T19:03:19.1393790Z /opt/homebrew/lib/ruby/gems/3.3.0/gems/molinillo-0.8.0/lib/molinillo/resolution.rb:744:in `require_nested_dependencies_for'
2025-09-05T19:03:19.1394490Z /opt/homebrew/lib/ruby/gems/3.3.0/gems/molinillo-0.8.0/lib/molinillo/resolution.rb:727:in `activate_new_spec'
2025-09-05T19:03:19.1395030Z /opt/homebrew/lib/ruby/gems/3.3.0/gems/molinillo-0.8.0/lib/molinillo/resolution.rb:684:in `attempt_to_activate'
2025-09-05T19:03:19.1395580Z /opt/homebrew/lib/ruby/gems/3.3.0/gems/molinillo-0.8.0/lib/molinillo/resolution.rb:254:in `process_topmost_state'
2025-09-05T19:03:19.1396150Z /opt/homebrew/lib/ruby/gems/3.3.0/gems/molinillo-0.8.0/lib/molinillo/resolution.rb:182:in `resolve'
2025-09-05T19:03:19.1396610Z /opt/homebrew/lib/ruby/gems/3.3.0/gems/molinillo-0.8.0/lib/molinillo/resolver.rb:43:in `resolve'
2025-09-05T19:03:19.1397070Z /opt/homebrew/lib/ruby/gems/3.3.0/gems/cocoapods-1.16.2/lib/cocoapods/resolver.rb:94:in `resolve'
2025-09-05T19:03:19.1397630Z /opt/homebrew/lib/ruby/gems/3.3.0/gems/cocoapods-1.16.2/lib/cocoapods/installer/analyzer.rb:1082:in `block in resolve_dependencies'
2025-09-05T19:03:19.1398250Z /opt/homebrew/lib/ruby/gems/3.3.0/gems/cocoapods-1.16.2/lib/cocoapods/user_interface.rb:64:in `section'
2025-09-05T19:03:19.1398860Z /opt/homebrew/lib/ruby/gems/3.3.0/gems/cocoapods-1.16.2/lib/cocoapods/installer/analyzer.rb:1080:in `resolve_dependencies'
2025-09-05T19:03:19.1399420Z /opt/homebrew/lib/ruby/gems/3.3.0/gems/cocoapods-1.16.2/lib/cocoapods/installer/analyzer.rb:125:in `analyze'
2025-09-05T19:03:19.1399920Z /opt/homebrew/lib/ruby/gems/3.3.0/gems/cocoapods-1.16.2/lib/cocoapods/installer.rb:422:in `analyze'
2025-09-05T19:03:19.1400480Z /opt/homebrew/lib/ruby/gems/3.3.0/gems/cocoapods-1.16.2/lib/cocoapods/installer.rb:244:in `block in resolve_dependencies'
2025-09-05T19:03:19.1401020Z /opt/homebrew/lib/ruby/gems/3.3.0/gems/cocoapods-1.16.2/lib/cocoapods/user_interface.rb:64:in `section'
2025-09-05T19:03:19.1401530Z /opt/homebrew/lib/ruby/gems/3.3.0/gems/cocoapods-1.16.2/lib/cocoapods/installer.rb:243:in `resolve_dependencies'
2025-09-05T19:03:19.1402150Z /opt/homebrew/lib/ruby/gems/3.3.0/gems/cocoapods-1.16.2/lib/cocoapods/installer.rb:162:in `install!'
2025-09-05T19:03:19.1402660Z /opt/homebrew/lib/ruby/gems/3.3.0/gems/cocoapods-1.16.2/lib/cocoapods/command/install.rb:52:in `run'
2025-09-05T19:03:19.1403110Z /opt/homebrew/lib/ruby/gems/3.3.0/gems/claide-1.1.0/lib/claide/command.rb:334:in `run'
2025-09-05T19:03:19.1403540Z /opt/homebrew/lib/ruby/gems/3.3.0/gems/cocoapods-1.16.2/lib/cocoapods/command.rb:52:in `run'
2025-09-05T19:03:19.1403960Z /opt/homebrew/lib/ruby/gems/3.3.0/gems/cocoapods-1.16.2/bin/pod:55:in `<top (required)>'
2025-09-05T19:03:19.1404460Z /opt/homebrew/Cellar/ruby@3.3/3.3.9/lib/ruby/3.3.0/rubygems.rb:319:in `load'
2025-09-05T19:03:19.1404920Z /opt/homebrew/Cellar/ruby@3.3/3.3.9/lib/ruby/3.3.0/rubygems.rb:319:in `activate_and_load_bin_path'
2025-09-05T19:03:19.1405280Z /opt/homebrew/lib/ruby/gems/3.3.0/bin/pod:25:in `<main>'
2025-09-05T19:03:19.1419700Z ##[error]Process completed with exit code 1.
2025-09-05T19:03:19.1667180Z Post job cleanup.
2025-09-05T19:03:19.1730600Z Post job cleanup.
2025-09-05T19:03:19.7274310Z [command]/opt/homebrew/bin/git version
2025-09-05T19:03:19.7375790Z git version 2.51.0
2025-09-05T19:03:19.7941450Z Copying '/Users/runner/.gitconfig' to '/Users/runner/work/_temp/5b3ec75c-8943-409b-bc74-6cf8417614bd/.gitconfig'
2025-09-05T19:03:19.8045260Z Temporarily overriding HOME='/Users/runner/work/_temp/5b3ec75c-8943-409b-bc74-6cf8417614bd' before making global git config changes
2025-09-05T19:03:19.8182510Z Adding repository directory to the temporary git global config as a safe directory
2025-09-05T19:03:19.8284020Z [command]/opt/homebrew/bin/git config --global --add safe.directory /Users/runner/work/taste_smoke_ios/taste_smoke_ios
2025-09-05T19:03:19.8496480Z [command]/opt/homebrew/bin/git config --local --name-only --get-regexp core\.sshCommand
2025-09-05T19:03:19.8781600Z [command]/opt/homebrew/bin/git submodule foreach --recursive sh -c "git config --local --name-only --get-regexp 'core\.sshCommand' && git config --local --unset-all 'core.sshCommand' || :"
2025-09-05T19:03:19.9896810Z [command]/opt/homebrew/bin/git config --local --name-only --get-regexp http\.https\:\/\/github\.com\/\.extraheader
2025-09-05T19:03:20.0004450Z http.https://github.com/.extraheader
2025-09-05T19:03:20.0308380Z [command]/opt/homebrew/bin/git config --local --unset-all http.https://github.com/.extraheader
2025-09-05T19:03:20.0319080Z [command]/opt/homebrew/bin/git submodule foreach --recursive sh -c "git config --local --name-only --get-regexp 'http\.https\:\/\/github\.com\/\.extraheader' && git config --local --unset-all 'http.https://github.com/.extraheader' || :"
2025-09-05T19:03:20.1973180Z Cleaning up orphan processes
2025-09-05T19:03:20.8706550Z Terminate orphan process: pid (2473) (adb)